
 /----------------------------------------------------------------------------\
 |  yosys -- Yosys Open SYnthesis Suite                                       |
 |  Copyright (C) 2012 - 2024  Claire Xenia Wolf <claire@yosyshq.com>         |
 |  Distributed under an ISC-like license, type "license" to see terms        |
 \----------------------------------------------------------------------------/
 Yosys 0.48+57 (git sha1 ca0ace66b, g++ 13.3.0-6ubuntu2~24.04 -fPIC -O3)

-- Running command `tcl synth/icestorm_icebreaker/yosys.tcl' --
[TCL: yosys -import] Command name collision: found pre-existing command `cd' -> skip.
[TCL: yosys -import] Command name collision: found pre-existing command `eval' -> skip.
[TCL: yosys -import] Command name collision: found pre-existing command `exec' -> skip.
[TCL: yosys -import] Command name collision: found pre-existing command `read' -> skip.
[TCL: yosys -import] Command name collision: found pre-existing command `trace' -> skip.

1. Executing Verilog-2005 frontend: synth/icestorm_icebreaker/build/rtl.sv2v.v
Parsing Verilog input from `synth/icestorm_icebreaker/build/rtl.sv2v.v' to AST representation.
Generating RTLIL representation for module `\icebreaker'.
Generating RTLIL representation for module `\uart_rx'.
Generating RTLIL representation for module `\uart_tx'.
Generating RTLIL representation for module `\uart_comm'.
Successfully finished Verilog frontend.

2. Executing SYNTH_ICE40 pass.

2.1. Executing Verilog-2005 frontend: /usr/local/bin/../share/yosys/ice40/cells_sim.v
Parsing Verilog input from `/usr/local/bin/../share/yosys/ice40/cells_sim.v' to AST representation.
Generating RTLIL representation for module `\SB_IO'.
Generating RTLIL representation for module `\SB_GB_IO'.
Generating RTLIL representation for module `\SB_GB'.
Generating RTLIL representation for module `\SB_LUT4'.
Generating RTLIL representation for module `\SB_CARRY'.
Generating RTLIL representation for module `\SB_DFF'.
Generating RTLIL representation for module `\SB_DFFE'.
Generating RTLIL representation for module `\SB_DFFSR'.
Generating RTLIL representation for module `\SB_DFFR'.
Generating RTLIL representation for module `\SB_DFFSS'.
Generating RTLIL representation for module `\SB_DFFS'.
Generating RTLIL representation for module `\SB_DFFESR'.
Generating RTLIL representation for module `\SB_DFFER'.
Generating RTLIL representation for module `\SB_DFFESS'.
Generating RTLIL representation for module `\SB_DFFES'.
Generating RTLIL representation for module `\SB_DFFN'.
Generating RTLIL representation for module `\SB_DFFNE'.
Generating RTLIL representation for module `\SB_DFFNSR'.
Generating RTLIL representation for module `\SB_DFFNR'.
Generating RTLIL representation for module `\SB_DFFNSS'.
Generating RTLIL representation for module `\SB_DFFNS'.
Generating RTLIL representation for module `\SB_DFFNESR'.
Generating RTLIL representation for module `\SB_DFFNER'.
Generating RTLIL representation for module `\SB_DFFNESS'.
Generating RTLIL representation for module `\SB_DFFNES'.
Generating RTLIL representation for module `\SB_RAM40_4K'.
Generating RTLIL representation for module `\SB_RAM40_4KNR'.
Generating RTLIL representation for module `\SB_RAM40_4KNW'.
Generating RTLIL representation for module `\SB_RAM40_4KNRNW'.
Generating RTLIL representation for module `\ICESTORM_LC'.
Generating RTLIL representation for module `\SB_PLL40_CORE'.
Generating RTLIL representation for module `\SB_PLL40_PAD'.
Generating RTLIL representation for module `\SB_PLL40_2_PAD'.
Generating RTLIL representation for module `\SB_PLL40_2F_CORE'.
Generating RTLIL representation for module `\SB_PLL40_2F_PAD'.
Generating RTLIL representation for module `\SB_WARMBOOT'.
Generating RTLIL representation for module `\SB_SPRAM256KA'.
Generating RTLIL representation for module `\SB_HFOSC'.
Generating RTLIL representation for module `\SB_LFOSC'.
Generating RTLIL representation for module `\SB_RGBA_DRV'.
Generating RTLIL representation for module `\SB_LED_DRV_CUR'.
Generating RTLIL representation for module `\SB_RGB_DRV'.
Generating RTLIL representation for module `\SB_I2C'.
Generating RTLIL representation for module `\SB_SPI'.
Generating RTLIL representation for module `\SB_LEDDA_IP'.
Generating RTLIL representation for module `\SB_FILTER_50NS'.
Generating RTLIL representation for module `\SB_IO_I3C'.
Generating RTLIL representation for module `\SB_IO_OD'.
Generating RTLIL representation for module `\SB_MAC16'.
Generating RTLIL representation for module `\ICESTORM_RAM'.
Successfully finished Verilog frontend.

2.2. Executing HIERARCHY pass (managing design hierarchy).

2.2.1. Analyzing design hierarchy..
Top module:  \icebreaker
Used module:     \uart_comm
Used module:         \uart_rx
Used module:         \uart_tx
Parameter \DATA_WIDTH = 8

2.2.2. Executing AST frontend in derive mode using pre-parsed AST for module `\uart_comm'.
Parameter \DATA_WIDTH = 8
Generating RTLIL representation for module `$paramod\uart_comm\DATA_WIDTH=s32'00000000000000000000000000001000'.

2.2.3. Analyzing design hierarchy..
Top module:  \icebreaker
Used module:     $paramod\uart_comm\DATA_WIDTH=s32'00000000000000000000000000001000
Used module:         \uart_rx
Used module:         \uart_tx

2.2.4. Analyzing design hierarchy..
Top module:  \icebreaker
Used module:     $paramod\uart_comm\DATA_WIDTH=s32'00000000000000000000000000001000
Used module:         \uart_rx
Used module:         \uart_tx
Removing unused module `\uart_comm'.
Removed 1 unused modules.
Warning: Resizing cell port $paramod\uart_comm\DATA_WIDTH=s32'00000000000000000000000000001000.uart_rx.prescale from 32 bits to 16 bits.
Warning: Resizing cell port $paramod\uart_comm\DATA_WIDTH=s32'00000000000000000000000000001000.uart_tx.prescale from 32 bits to 16 bits.

2.3. Executing PROC pass (convert processes to netlists).

2.3.1. Executing PROC_CLEAN pass (remove empty switches from decision trees).
Cleaned up 0 empty switches.

2.3.2. Executing PROC_RMDEAD pass (remove dead branches from decision trees).
Marked 1 switch rules as full_case in process $proc$/usr/local/bin/../share/yosys/ice40/cells_sim.v:1414$291 in module SB_DFFNES.
Marked 1 switch rules as full_case in process $proc$/usr/local/bin/../share/yosys/ice40/cells_sim.v:1353$284 in module SB_DFFNESS.
Marked 1 switch rules as full_case in process $proc$/usr/local/bin/../share/yosys/ice40/cells_sim.v:1273$280 in module SB_DFFNER.
Marked 1 switch rules as full_case in process $proc$/usr/local/bin/../share/yosys/ice40/cells_sim.v:1212$273 in module SB_DFFNESR.
Marked 1 switch rules as full_case in process $proc$/usr/local/bin/../share/yosys/ice40/cells_sim.v:1138$270 in module SB_DFFNS.
Marked 1 switch rules as full_case in process $proc$/usr/local/bin/../share/yosys/ice40/cells_sim.v:1088$267 in module SB_DFFNSS.
Marked 1 switch rules as full_case in process $proc$/usr/local/bin/../share/yosys/ice40/cells_sim.v:1017$264 in module SB_DFFNR.
Marked 1 switch rules as full_case in process $proc$/usr/local/bin/../share/yosys/ice40/cells_sim.v:967$261 in module SB_DFFNSR.
Marked 1 switch rules as full_case in process $proc$/usr/local/bin/../share/yosys/ice40/cells_sim.v:803$253 in module SB_DFFES.
Marked 1 switch rules as full_case in process $proc$/usr/local/bin/../share/yosys/ice40/cells_sim.v:742$246 in module SB_DFFESS.
Marked 1 switch rules as full_case in process $proc$/usr/local/bin/../share/yosys/ice40/cells_sim.v:662$242 in module SB_DFFER.
Marked 1 switch rules as full_case in process $proc$/usr/local/bin/../share/yosys/ice40/cells_sim.v:601$235 in module SB_DFFESR.
Marked 1 switch rules as full_case in process $proc$/usr/local/bin/../share/yosys/ice40/cells_sim.v:527$232 in module SB_DFFS.
Marked 1 switch rules as full_case in process $proc$/usr/local/bin/../share/yosys/ice40/cells_sim.v:477$229 in module SB_DFFSS.
Marked 1 switch rules as full_case in process $proc$/usr/local/bin/../share/yosys/ice40/cells_sim.v:406$226 in module SB_DFFR.
Marked 1 switch rules as full_case in process $proc$/usr/local/bin/../share/yosys/ice40/cells_sim.v:356$223 in module SB_DFFSR.
Marked 4 switch rules as full_case in process $proc$synth/icestorm_icebreaker/build/rtl.sv2v.v:155$29 in module uart_tx.
Marked 7 switch rules as full_case in process $proc$synth/icestorm_icebreaker/build/rtl.sv2v.v:70$1 in module uart_rx.
Removed a total of 0 dead cases.

2.3.3. Executing PROC_PRUNE pass (remove redundant assignments in processes).
Removed 11 redundant assignments.
Promoted 37 assignments to connections.

2.3.4. Executing PROC_INIT pass (extract init attributes).
Found init rule in `\SB_DFFNES.$proc$/usr/local/bin/../share/yosys/ice40/cells_sim.v:0$294'.
  Set init value: \Q = 1'0
Found init rule in `\SB_DFFNESS.$proc$/usr/local/bin/../share/yosys/ice40/cells_sim.v:0$290'.
  Set init value: \Q = 1'0
Found init rule in `\SB_DFFNER.$proc$/usr/local/bin/../share/yosys/ice40/cells_sim.v:0$283'.
  Set init value: \Q = 1'0
Found init rule in `\SB_DFFNESR.$proc$/usr/local/bin/../share/yosys/ice40/cells_sim.v:0$279'.
  Set init value: \Q = 1'0
Found init rule in `\SB_DFFNS.$proc$/usr/local/bin/../share/yosys/ice40/cells_sim.v:0$272'.
  Set init value: \Q = 1'0
Found init rule in `\SB_DFFNSS.$proc$/usr/local/bin/../share/yosys/ice40/cells_sim.v:0$269'.
  Set init value: \Q = 1'0
Found init rule in `\SB_DFFNR.$proc$/usr/local/bin/../share/yosys/ice40/cells_sim.v:0$266'.
  Set init value: \Q = 1'0
Found init rule in `\SB_DFFNSR.$proc$/usr/local/bin/../share/yosys/ice40/cells_sim.v:0$263'.
  Set init value: \Q = 1'0
Found init rule in `\SB_DFFNE.$proc$/usr/local/bin/../share/yosys/ice40/cells_sim.v:0$260'.
  Set init value: \Q = 1'0
Found init rule in `\SB_DFFN.$proc$/usr/local/bin/../share/yosys/ice40/cells_sim.v:0$258'.
  Set init value: \Q = 1'0
Found init rule in `\SB_DFFES.$proc$/usr/local/bin/../share/yosys/ice40/cells_sim.v:0$256'.
  Set init value: \Q = 1'0
Found init rule in `\SB_DFFESS.$proc$/usr/local/bin/../share/yosys/ice40/cells_sim.v:0$252'.
  Set init value: \Q = 1'0
Found init rule in `\SB_DFFER.$proc$/usr/local/bin/../share/yosys/ice40/cells_sim.v:0$245'.
  Set init value: \Q = 1'0
Found init rule in `\SB_DFFESR.$proc$/usr/local/bin/../share/yosys/ice40/cells_sim.v:0$241'.
  Set init value: \Q = 1'0
Found init rule in `\SB_DFFS.$proc$/usr/local/bin/../share/yosys/ice40/cells_sim.v:0$234'.
  Set init value: \Q = 1'0
Found init rule in `\SB_DFFSS.$proc$/usr/local/bin/../share/yosys/ice40/cells_sim.v:0$231'.
  Set init value: \Q = 1'0
Found init rule in `\SB_DFFR.$proc$/usr/local/bin/../share/yosys/ice40/cells_sim.v:0$228'.
  Set init value: \Q = 1'0
Found init rule in `\SB_DFFSR.$proc$/usr/local/bin/../share/yosys/ice40/cells_sim.v:0$225'.
  Set init value: \Q = 1'0
Found init rule in `\SB_DFFE.$proc$/usr/local/bin/../share/yosys/ice40/cells_sim.v:0$222'.
  Set init value: \Q = 1'0
Found init rule in `\SB_DFF.$proc$/usr/local/bin/../share/yosys/ice40/cells_sim.v:0$220'.
  Set init value: \Q = 1'0
Found init rule in `\uart_tx.$proc$synth/icestorm_icebreaker/build/rtl.sv2v.v:151$48'.
  Set init value: \bit_cnt = 4'0000
Found init rule in `\uart_tx.$proc$synth/icestorm_icebreaker/build/rtl.sv2v.v:150$47'.
  Set init value: \prescale_reg = 19'0000000000000000000
Found init rule in `\uart_tx.$proc$synth/icestorm_icebreaker/build/rtl.sv2v.v:149$46'.
  Set init value: \data_reg = 9'000000000
Found init rule in `\uart_tx.$proc$synth/icestorm_icebreaker/build/rtl.sv2v.v:148$45'.
  Set init value: \busy_reg = 1'0
Found init rule in `\uart_tx.$proc$synth/icestorm_icebreaker/build/rtl.sv2v.v:147$44'.
  Set init value: \txd_reg = 1'1
Found init rule in `\uart_tx.$proc$synth/icestorm_icebreaker/build/rtl.sv2v.v:146$43'.
  Set init value: \s_axis_tready_reg = 1'0
Found init rule in `\uart_rx.$proc$synth/icestorm_icebreaker/build/rtl.sv2v.v:64$28'.
  Set init value: \bit_cnt = 4'0000
Found init rule in `\uart_rx.$proc$synth/icestorm_icebreaker/build/rtl.sv2v.v:63$27'.
  Set init value: \prescale_reg = 19'0000000000000000000
Found init rule in `\uart_rx.$proc$synth/icestorm_icebreaker/build/rtl.sv2v.v:62$26'.
  Set init value: \data_reg = 8'00000000
Found init rule in `\uart_rx.$proc$synth/icestorm_icebreaker/build/rtl.sv2v.v:61$25'.
  Set init value: \frame_error_reg = 1'0
Found init rule in `\uart_rx.$proc$synth/icestorm_icebreaker/build/rtl.sv2v.v:60$24'.
  Set init value: \overrun_error_reg = 1'0
Found init rule in `\uart_rx.$proc$synth/icestorm_icebreaker/build/rtl.sv2v.v:59$23'.
  Set init value: \busy_reg = 1'0
Found init rule in `\uart_rx.$proc$synth/icestorm_icebreaker/build/rtl.sv2v.v:58$22'.
  Set init value: \rxd_reg = 1'1
Found init rule in `\uart_rx.$proc$synth/icestorm_icebreaker/build/rtl.sv2v.v:57$21'.
  Set init value: \m_axis_tvalid_reg = 1'0
Found init rule in `\uart_rx.$proc$synth/icestorm_icebreaker/build/rtl.sv2v.v:56$20'.
  Set init value: \m_axis_tdata_reg = 8'00000000

2.3.5. Executing PROC_ARST pass (detect async resets in processes).
Found async reset \S in `\SB_DFFNES.$proc$/usr/local/bin/../share/yosys/ice40/cells_sim.v:1414$291'.
Found async reset \R in `\SB_DFFNER.$proc$/usr/local/bin/../share/yosys/ice40/cells_sim.v:1273$280'.
Found async reset \S in `\SB_DFFNS.$proc$/usr/local/bin/../share/yosys/ice40/cells_sim.v:1138$270'.
Found async reset \R in `\SB_DFFNR.$proc$/usr/local/bin/../share/yosys/ice40/cells_sim.v:1017$264'.
Found async reset \S in `\SB_DFFES.$proc$/usr/local/bin/../share/yosys/ice40/cells_sim.v:803$253'.
Found async reset \R in `\SB_DFFER.$proc$/usr/local/bin/../share/yosys/ice40/cells_sim.v:662$242'.
Found async reset \S in `\SB_DFFS.$proc$/usr/local/bin/../share/yosys/ice40/cells_sim.v:527$232'.
Found async reset \R in `\SB_DFFR.$proc$/usr/local/bin/../share/yosys/ice40/cells_sim.v:406$226'.

2.3.6. Executing PROC_ROM pass (convert switches to ROMs).
Converted 0 switches.
<suppressed ~34 debug messages>

2.3.7. Executing PROC_MUX pass (convert decision trees to multiplexers).
Creating decoders for process `\SB_DFFNES.$proc$/usr/local/bin/../share/yosys/ice40/cells_sim.v:0$294'.
Creating decoders for process `\SB_DFFNES.$proc$/usr/local/bin/../share/yosys/ice40/cells_sim.v:1414$291'.
     1/1: $0\Q[0:0]
Creating decoders for process `\SB_DFFNESS.$proc$/usr/local/bin/../share/yosys/ice40/cells_sim.v:0$290'.
Creating decoders for process `\SB_DFFNESS.$proc$/usr/local/bin/../share/yosys/ice40/cells_sim.v:1353$284'.
     1/1: $0\Q[0:0]
Creating decoders for process `\SB_DFFNER.$proc$/usr/local/bin/../share/yosys/ice40/cells_sim.v:0$283'.
Creating decoders for process `\SB_DFFNER.$proc$/usr/local/bin/../share/yosys/ice40/cells_sim.v:1273$280'.
     1/1: $0\Q[0:0]
Creating decoders for process `\SB_DFFNESR.$proc$/usr/local/bin/../share/yosys/ice40/cells_sim.v:0$279'.
Creating decoders for process `\SB_DFFNESR.$proc$/usr/local/bin/../share/yosys/ice40/cells_sim.v:1212$273'.
     1/1: $0\Q[0:0]
Creating decoders for process `\SB_DFFNS.$proc$/usr/local/bin/../share/yosys/ice40/cells_sim.v:0$272'.
Creating decoders for process `\SB_DFFNS.$proc$/usr/local/bin/../share/yosys/ice40/cells_sim.v:1138$270'.
     1/1: $0\Q[0:0]
Creating decoders for process `\SB_DFFNSS.$proc$/usr/local/bin/../share/yosys/ice40/cells_sim.v:0$269'.
Creating decoders for process `\SB_DFFNSS.$proc$/usr/local/bin/../share/yosys/ice40/cells_sim.v:1088$267'.
     1/1: $0\Q[0:0]
Creating decoders for process `\SB_DFFNR.$proc$/usr/local/bin/../share/yosys/ice40/cells_sim.v:0$266'.
Creating decoders for process `\SB_DFFNR.$proc$/usr/local/bin/../share/yosys/ice40/cells_sim.v:1017$264'.
     1/1: $0\Q[0:0]
Creating decoders for process `\SB_DFFNSR.$proc$/usr/local/bin/../share/yosys/ice40/cells_sim.v:0$263'.
Creating decoders for process `\SB_DFFNSR.$proc$/usr/local/bin/../share/yosys/ice40/cells_sim.v:967$261'.
     1/1: $0\Q[0:0]
Creating decoders for process `\SB_DFFNE.$proc$/usr/local/bin/../share/yosys/ice40/cells_sim.v:0$260'.
Creating decoders for process `\SB_DFFNE.$proc$/usr/local/bin/../share/yosys/ice40/cells_sim.v:922$259'.
     1/1: $0\Q[0:0]
Creating decoders for process `\SB_DFFN.$proc$/usr/local/bin/../share/yosys/ice40/cells_sim.v:0$258'.
Creating decoders for process `\SB_DFFN.$proc$/usr/local/bin/../share/yosys/ice40/cells_sim.v:882$257'.
Creating decoders for process `\SB_DFFES.$proc$/usr/local/bin/../share/yosys/ice40/cells_sim.v:0$256'.
Creating decoders for process `\SB_DFFES.$proc$/usr/local/bin/../share/yosys/ice40/cells_sim.v:803$253'.
     1/1: $0\Q[0:0]
Creating decoders for process `\SB_DFFESS.$proc$/usr/local/bin/../share/yosys/ice40/cells_sim.v:0$252'.
Creating decoders for process `\SB_DFFESS.$proc$/usr/local/bin/../share/yosys/ice40/cells_sim.v:742$246'.
     1/1: $0\Q[0:0]
Creating decoders for process `\SB_DFFER.$proc$/usr/local/bin/../share/yosys/ice40/cells_sim.v:0$245'.
Creating decoders for process `\SB_DFFER.$proc$/usr/local/bin/../share/yosys/ice40/cells_sim.v:662$242'.
     1/1: $0\Q[0:0]
Creating decoders for process `\SB_DFFESR.$proc$/usr/local/bin/../share/yosys/ice40/cells_sim.v:0$241'.
Creating decoders for process `\SB_DFFESR.$proc$/usr/local/bin/../share/yosys/ice40/cells_sim.v:601$235'.
     1/1: $0\Q[0:0]
Creating decoders for process `\SB_DFFS.$proc$/usr/local/bin/../share/yosys/ice40/cells_sim.v:0$234'.
Creating decoders for process `\SB_DFFS.$proc$/usr/local/bin/../share/yosys/ice40/cells_sim.v:527$232'.
     1/1: $0\Q[0:0]
Creating decoders for process `\SB_DFFSS.$proc$/usr/local/bin/../share/yosys/ice40/cells_sim.v:0$231'.
Creating decoders for process `\SB_DFFSS.$proc$/usr/local/bin/../share/yosys/ice40/cells_sim.v:477$229'.
     1/1: $0\Q[0:0]
Creating decoders for process `\SB_DFFR.$proc$/usr/local/bin/../share/yosys/ice40/cells_sim.v:0$228'.
Creating decoders for process `\SB_DFFR.$proc$/usr/local/bin/../share/yosys/ice40/cells_sim.v:406$226'.
     1/1: $0\Q[0:0]
Creating decoders for process `\SB_DFFSR.$proc$/usr/local/bin/../share/yosys/ice40/cells_sim.v:0$225'.
Creating decoders for process `\SB_DFFSR.$proc$/usr/local/bin/../share/yosys/ice40/cells_sim.v:356$223'.
     1/1: $0\Q[0:0]
Creating decoders for process `\SB_DFFE.$proc$/usr/local/bin/../share/yosys/ice40/cells_sim.v:0$222'.
Creating decoders for process `\SB_DFFE.$proc$/usr/local/bin/../share/yosys/ice40/cells_sim.v:311$221'.
     1/1: $0\Q[0:0]
Creating decoders for process `\SB_DFF.$proc$/usr/local/bin/../share/yosys/ice40/cells_sim.v:0$220'.
Creating decoders for process `\SB_DFF.$proc$/usr/local/bin/../share/yosys/ice40/cells_sim.v:271$219'.
Creating decoders for process `\uart_tx.$proc$synth/icestorm_icebreaker/build/rtl.sv2v.v:151$48'.
Creating decoders for process `\uart_tx.$proc$synth/icestorm_icebreaker/build/rtl.sv2v.v:150$47'.
Creating decoders for process `\uart_tx.$proc$synth/icestorm_icebreaker/build/rtl.sv2v.v:149$46'.
Creating decoders for process `\uart_tx.$proc$synth/icestorm_icebreaker/build/rtl.sv2v.v:148$45'.
Creating decoders for process `\uart_tx.$proc$synth/icestorm_icebreaker/build/rtl.sv2v.v:147$44'.
Creating decoders for process `\uart_tx.$proc$synth/icestorm_icebreaker/build/rtl.sv2v.v:146$43'.
Creating decoders for process `\uart_tx.$proc$synth/icestorm_icebreaker/build/rtl.sv2v.v:155$29'.
     1/6: $0\data_reg[8:0]
     2/6: $0\s_axis_tready_reg[0:0]
     3/6: $0\bit_cnt[3:0]
     4/6: $0\prescale_reg[18:0]
     5/6: $0\txd_reg[0:0]
     6/6: $0\busy_reg[0:0]
Creating decoders for process `\uart_rx.$proc$synth/icestorm_icebreaker/build/rtl.sv2v.v:64$28'.
Creating decoders for process `\uart_rx.$proc$synth/icestorm_icebreaker/build/rtl.sv2v.v:63$27'.
Creating decoders for process `\uart_rx.$proc$synth/icestorm_icebreaker/build/rtl.sv2v.v:62$26'.
Creating decoders for process `\uart_rx.$proc$synth/icestorm_icebreaker/build/rtl.sv2v.v:61$25'.
Creating decoders for process `\uart_rx.$proc$synth/icestorm_icebreaker/build/rtl.sv2v.v:60$24'.
Creating decoders for process `\uart_rx.$proc$synth/icestorm_icebreaker/build/rtl.sv2v.v:59$23'.
Creating decoders for process `\uart_rx.$proc$synth/icestorm_icebreaker/build/rtl.sv2v.v:58$22'.
Creating decoders for process `\uart_rx.$proc$synth/icestorm_icebreaker/build/rtl.sv2v.v:57$21'.
Creating decoders for process `\uart_rx.$proc$synth/icestorm_icebreaker/build/rtl.sv2v.v:56$20'.
Creating decoders for process `\uart_rx.$proc$synth/icestorm_icebreaker/build/rtl.sv2v.v:70$1'.
     1/9: $0\frame_error_reg[0:0]
     2/9: $0\overrun_error_reg[0:0]
     3/9: $0\rxd_reg[0:0]
     4/9: $0\bit_cnt[3:0]
     5/9: $0\prescale_reg[18:0]
     6/9: $0\data_reg[7:0]
     7/9: $0\busy_reg[0:0]
     8/9: $0\m_axis_tvalid_reg[0:0]
     9/9: $0\m_axis_tdata_reg[7:0]

2.3.8. Executing PROC_DLATCH pass (convert process syncs to latches).

2.3.9. Executing PROC_DFF pass (convert process syncs to FFs).
Creating register for signal `\SB_DFFNES.\Q' using process `\SB_DFFNES.$proc$/usr/local/bin/../share/yosys/ice40/cells_sim.v:1414$291'.
  created $adff cell `$procdff$718' with negative edge clock and positive level reset.
Creating register for signal `\SB_DFFNESS.\Q' using process `\SB_DFFNESS.$proc$/usr/local/bin/../share/yosys/ice40/cells_sim.v:1353$284'.
  created $dff cell `$procdff$719' with negative edge clock.
Creating register for signal `\SB_DFFNER.\Q' using process `\SB_DFFNER.$proc$/usr/local/bin/../share/yosys/ice40/cells_sim.v:1273$280'.
  created $adff cell `$procdff$722' with negative edge clock and positive level reset.
Creating register for signal `\SB_DFFNESR.\Q' using process `\SB_DFFNESR.$proc$/usr/local/bin/../share/yosys/ice40/cells_sim.v:1212$273'.
  created $dff cell `$procdff$723' with negative edge clock.
Creating register for signal `\SB_DFFNS.\Q' using process `\SB_DFFNS.$proc$/usr/local/bin/../share/yosys/ice40/cells_sim.v:1138$270'.
  created $adff cell `$procdff$726' with negative edge clock and positive level reset.
Creating register for signal `\SB_DFFNSS.\Q' using process `\SB_DFFNSS.$proc$/usr/local/bin/../share/yosys/ice40/cells_sim.v:1088$267'.
  created $dff cell `$procdff$727' with negative edge clock.
Creating register for signal `\SB_DFFNR.\Q' using process `\SB_DFFNR.$proc$/usr/local/bin/../share/yosys/ice40/cells_sim.v:1017$264'.
  created $adff cell `$procdff$730' with negative edge clock and positive level reset.
Creating register for signal `\SB_DFFNSR.\Q' using process `\SB_DFFNSR.$proc$/usr/local/bin/../share/yosys/ice40/cells_sim.v:967$261'.
  created $dff cell `$procdff$731' with negative edge clock.
Creating register for signal `\SB_DFFNE.\Q' using process `\SB_DFFNE.$proc$/usr/local/bin/../share/yosys/ice40/cells_sim.v:922$259'.
  created $dff cell `$procdff$732' with negative edge clock.
Creating register for signal `\SB_DFFN.\Q' using process `\SB_DFFN.$proc$/usr/local/bin/../share/yosys/ice40/cells_sim.v:882$257'.
  created $dff cell `$procdff$733' with negative edge clock.
Creating register for signal `\SB_DFFES.\Q' using process `\SB_DFFES.$proc$/usr/local/bin/../share/yosys/ice40/cells_sim.v:803$253'.
  created $adff cell `$procdff$736' with positive edge clock and positive level reset.
Creating register for signal `\SB_DFFESS.\Q' using process `\SB_DFFESS.$proc$/usr/local/bin/../share/yosys/ice40/cells_sim.v:742$246'.
  created $dff cell `$procdff$737' with positive edge clock.
Creating register for signal `\SB_DFFER.\Q' using process `\SB_DFFER.$proc$/usr/local/bin/../share/yosys/ice40/cells_sim.v:662$242'.
  created $adff cell `$procdff$740' with positive edge clock and positive level reset.
Creating register for signal `\SB_DFFESR.\Q' using process `\SB_DFFESR.$proc$/usr/local/bin/../share/yosys/ice40/cells_sim.v:601$235'.
  created $dff cell `$procdff$741' with positive edge clock.
Creating register for signal `\SB_DFFS.\Q' using process `\SB_DFFS.$proc$/usr/local/bin/../share/yosys/ice40/cells_sim.v:527$232'.
  created $adff cell `$procdff$744' with positive edge clock and positive level reset.
Creating register for signal `\SB_DFFSS.\Q' using process `\SB_DFFSS.$proc$/usr/local/bin/../share/yosys/ice40/cells_sim.v:477$229'.
  created $dff cell `$procdff$745' with positive edge clock.
Creating register for signal `\SB_DFFR.\Q' using process `\SB_DFFR.$proc$/usr/local/bin/../share/yosys/ice40/cells_sim.v:406$226'.
  created $adff cell `$procdff$748' with positive edge clock and positive level reset.
Creating register for signal `\SB_DFFSR.\Q' using process `\SB_DFFSR.$proc$/usr/local/bin/../share/yosys/ice40/cells_sim.v:356$223'.
  created $dff cell `$procdff$749' with positive edge clock.
Creating register for signal `\SB_DFFE.\Q' using process `\SB_DFFE.$proc$/usr/local/bin/../share/yosys/ice40/cells_sim.v:311$221'.
  created $dff cell `$procdff$750' with positive edge clock.
Creating register for signal `\SB_DFF.\Q' using process `\SB_DFF.$proc$/usr/local/bin/../share/yosys/ice40/cells_sim.v:271$219'.
  created $dff cell `$procdff$751' with positive edge clock.
Creating register for signal `\uart_tx.\busy_reg' using process `\uart_tx.$proc$synth/icestorm_icebreaker/build/rtl.sv2v.v:155$29'.
  created $dff cell `$procdff$752' with positive edge clock.
Creating register for signal `\uart_tx.\data_reg' using process `\uart_tx.$proc$synth/icestorm_icebreaker/build/rtl.sv2v.v:155$29'.
  created $dff cell `$procdff$753' with positive edge clock.
Creating register for signal `\uart_tx.\prescale_reg' using process `\uart_tx.$proc$synth/icestorm_icebreaker/build/rtl.sv2v.v:155$29'.
  created $dff cell `$procdff$754' with positive edge clock.
Creating register for signal `\uart_tx.\bit_cnt' using process `\uart_tx.$proc$synth/icestorm_icebreaker/build/rtl.sv2v.v:155$29'.
  created $dff cell `$procdff$755' with positive edge clock.
Creating register for signal `\uart_tx.\s_axis_tready_reg' using process `\uart_tx.$proc$synth/icestorm_icebreaker/build/rtl.sv2v.v:155$29'.
  created $dff cell `$procdff$756' with positive edge clock.
Creating register for signal `\uart_tx.\txd_reg' using process `\uart_tx.$proc$synth/icestorm_icebreaker/build/rtl.sv2v.v:155$29'.
  created $dff cell `$procdff$757' with positive edge clock.
Creating register for signal `\uart_rx.\m_axis_tdata_reg' using process `\uart_rx.$proc$synth/icestorm_icebreaker/build/rtl.sv2v.v:70$1'.
  created $dff cell `$procdff$758' with positive edge clock.
Creating register for signal `\uart_rx.\m_axis_tvalid_reg' using process `\uart_rx.$proc$synth/icestorm_icebreaker/build/rtl.sv2v.v:70$1'.
  created $dff cell `$procdff$759' with positive edge clock.
Creating register for signal `\uart_rx.\rxd_reg' using process `\uart_rx.$proc$synth/icestorm_icebreaker/build/rtl.sv2v.v:70$1'.
  created $dff cell `$procdff$760' with positive edge clock.
Creating register for signal `\uart_rx.\busy_reg' using process `\uart_rx.$proc$synth/icestorm_icebreaker/build/rtl.sv2v.v:70$1'.
  created $dff cell `$procdff$761' with positive edge clock.
Creating register for signal `\uart_rx.\overrun_error_reg' using process `\uart_rx.$proc$synth/icestorm_icebreaker/build/rtl.sv2v.v:70$1'.
  created $dff cell `$procdff$762' with positive edge clock.
Creating register for signal `\uart_rx.\frame_error_reg' using process `\uart_rx.$proc$synth/icestorm_icebreaker/build/rtl.sv2v.v:70$1'.
  created $dff cell `$procdff$763' with positive edge clock.
Creating register for signal `\uart_rx.\data_reg' using process `\uart_rx.$proc$synth/icestorm_icebreaker/build/rtl.sv2v.v:70$1'.
  created $dff cell `$procdff$764' with positive edge clock.
Creating register for signal `\uart_rx.\prescale_reg' using process `\uart_rx.$proc$synth/icestorm_icebreaker/build/rtl.sv2v.v:70$1'.
  created $dff cell `$procdff$765' with positive edge clock.
Creating register for signal `\uart_rx.\bit_cnt' using process `\uart_rx.$proc$synth/icestorm_icebreaker/build/rtl.sv2v.v:70$1'.
  created $dff cell `$procdff$766' with positive edge clock.

2.3.10. Executing PROC_MEMWR pass (convert process memory writes to cells).

2.3.11. Executing PROC_CLEAN pass (remove empty switches from decision trees).
Removing empty process `SB_DFFNES.$proc$/usr/local/bin/../share/yosys/ice40/cells_sim.v:0$294'.
Found and cleaned up 1 empty switch in `\SB_DFFNES.$proc$/usr/local/bin/../share/yosys/ice40/cells_sim.v:1414$291'.
Removing empty process `SB_DFFNES.$proc$/usr/local/bin/../share/yosys/ice40/cells_sim.v:1414$291'.
Removing empty process `SB_DFFNESS.$proc$/usr/local/bin/../share/yosys/ice40/cells_sim.v:0$290'.
Found and cleaned up 2 empty switches in `\SB_DFFNESS.$proc$/usr/local/bin/../share/yosys/ice40/cells_sim.v:1353$284'.
Removing empty process `SB_DFFNESS.$proc$/usr/local/bin/../share/yosys/ice40/cells_sim.v:1353$284'.
Removing empty process `SB_DFFNER.$proc$/usr/local/bin/../share/yosys/ice40/cells_sim.v:0$283'.
Found and cleaned up 1 empty switch in `\SB_DFFNER.$proc$/usr/local/bin/../share/yosys/ice40/cells_sim.v:1273$280'.
Removing empty process `SB_DFFNER.$proc$/usr/local/bin/../share/yosys/ice40/cells_sim.v:1273$280'.
Removing empty process `SB_DFFNESR.$proc$/usr/local/bin/../share/yosys/ice40/cells_sim.v:0$279'.
Found and cleaned up 2 empty switches in `\SB_DFFNESR.$proc$/usr/local/bin/../share/yosys/ice40/cells_sim.v:1212$273'.
Removing empty process `SB_DFFNESR.$proc$/usr/local/bin/../share/yosys/ice40/cells_sim.v:1212$273'.
Removing empty process `SB_DFFNS.$proc$/usr/local/bin/../share/yosys/ice40/cells_sim.v:0$272'.
Removing empty process `SB_DFFNS.$proc$/usr/local/bin/../share/yosys/ice40/cells_sim.v:1138$270'.
Removing empty process `SB_DFFNSS.$proc$/usr/local/bin/../share/yosys/ice40/cells_sim.v:0$269'.
Found and cleaned up 1 empty switch in `\SB_DFFNSS.$proc$/usr/local/bin/../share/yosys/ice40/cells_sim.v:1088$267'.
Removing empty process `SB_DFFNSS.$proc$/usr/local/bin/../share/yosys/ice40/cells_sim.v:1088$267'.
Removing empty process `SB_DFFNR.$proc$/usr/local/bin/../share/yosys/ice40/cells_sim.v:0$266'.
Removing empty process `SB_DFFNR.$proc$/usr/local/bin/../share/yosys/ice40/cells_sim.v:1017$264'.
Removing empty process `SB_DFFNSR.$proc$/usr/local/bin/../share/yosys/ice40/cells_sim.v:0$263'.
Found and cleaned up 1 empty switch in `\SB_DFFNSR.$proc$/usr/local/bin/../share/yosys/ice40/cells_sim.v:967$261'.
Removing empty process `SB_DFFNSR.$proc$/usr/local/bin/../share/yosys/ice40/cells_sim.v:967$261'.
Removing empty process `SB_DFFNE.$proc$/usr/local/bin/../share/yosys/ice40/cells_sim.v:0$260'.
Found and cleaned up 1 empty switch in `\SB_DFFNE.$proc$/usr/local/bin/../share/yosys/ice40/cells_sim.v:922$259'.
Removing empty process `SB_DFFNE.$proc$/usr/local/bin/../share/yosys/ice40/cells_sim.v:922$259'.
Removing empty process `SB_DFFN.$proc$/usr/local/bin/../share/yosys/ice40/cells_sim.v:0$258'.
Removing empty process `SB_DFFN.$proc$/usr/local/bin/../share/yosys/ice40/cells_sim.v:882$257'.
Removing empty process `SB_DFFES.$proc$/usr/local/bin/../share/yosys/ice40/cells_sim.v:0$256'.
Found and cleaned up 1 empty switch in `\SB_DFFES.$proc$/usr/local/bin/../share/yosys/ice40/cells_sim.v:803$253'.
Removing empty process `SB_DFFES.$proc$/usr/local/bin/../share/yosys/ice40/cells_sim.v:803$253'.
Removing empty process `SB_DFFESS.$proc$/usr/local/bin/../share/yosys/ice40/cells_sim.v:0$252'.
Found and cleaned up 2 empty switches in `\SB_DFFESS.$proc$/usr/local/bin/../share/yosys/ice40/cells_sim.v:742$246'.
Removing empty process `SB_DFFESS.$proc$/usr/local/bin/../share/yosys/ice40/cells_sim.v:742$246'.
Removing empty process `SB_DFFER.$proc$/usr/local/bin/../share/yosys/ice40/cells_sim.v:0$245'.
Found and cleaned up 1 empty switch in `\SB_DFFER.$proc$/usr/local/bin/../share/yosys/ice40/cells_sim.v:662$242'.
Removing empty process `SB_DFFER.$proc$/usr/local/bin/../share/yosys/ice40/cells_sim.v:662$242'.
Removing empty process `SB_DFFESR.$proc$/usr/local/bin/../share/yosys/ice40/cells_sim.v:0$241'.
Found and cleaned up 2 empty switches in `\SB_DFFESR.$proc$/usr/local/bin/../share/yosys/ice40/cells_sim.v:601$235'.
Removing empty process `SB_DFFESR.$proc$/usr/local/bin/../share/yosys/ice40/cells_sim.v:601$235'.
Removing empty process `SB_DFFS.$proc$/usr/local/bin/../share/yosys/ice40/cells_sim.v:0$234'.
Removing empty process `SB_DFFS.$proc$/usr/local/bin/../share/yosys/ice40/cells_sim.v:527$232'.
Removing empty process `SB_DFFSS.$proc$/usr/local/bin/../share/yosys/ice40/cells_sim.v:0$231'.
Found and cleaned up 1 empty switch in `\SB_DFFSS.$proc$/usr/local/bin/../share/yosys/ice40/cells_sim.v:477$229'.
Removing empty process `SB_DFFSS.$proc$/usr/local/bin/../share/yosys/ice40/cells_sim.v:477$229'.
Removing empty process `SB_DFFR.$proc$/usr/local/bin/../share/yosys/ice40/cells_sim.v:0$228'.
Removing empty process `SB_DFFR.$proc$/usr/local/bin/../share/yosys/ice40/cells_sim.v:406$226'.
Removing empty process `SB_DFFSR.$proc$/usr/local/bin/../share/yosys/ice40/cells_sim.v:0$225'.
Found and cleaned up 1 empty switch in `\SB_DFFSR.$proc$/usr/local/bin/../share/yosys/ice40/cells_sim.v:356$223'.
Removing empty process `SB_DFFSR.$proc$/usr/local/bin/../share/yosys/ice40/cells_sim.v:356$223'.
Removing empty process `SB_DFFE.$proc$/usr/local/bin/../share/yosys/ice40/cells_sim.v:0$222'.
Found and cleaned up 1 empty switch in `\SB_DFFE.$proc$/usr/local/bin/../share/yosys/ice40/cells_sim.v:311$221'.
Removing empty process `SB_DFFE.$proc$/usr/local/bin/../share/yosys/ice40/cells_sim.v:311$221'.
Removing empty process `SB_DFF.$proc$/usr/local/bin/../share/yosys/ice40/cells_sim.v:0$220'.
Removing empty process `SB_DFF.$proc$/usr/local/bin/../share/yosys/ice40/cells_sim.v:271$219'.
Removing empty process `uart_tx.$proc$synth/icestorm_icebreaker/build/rtl.sv2v.v:151$48'.
Removing empty process `uart_tx.$proc$synth/icestorm_icebreaker/build/rtl.sv2v.v:150$47'.
Removing empty process `uart_tx.$proc$synth/icestorm_icebreaker/build/rtl.sv2v.v:149$46'.
Removing empty process `uart_tx.$proc$synth/icestorm_icebreaker/build/rtl.sv2v.v:148$45'.
Removing empty process `uart_tx.$proc$synth/icestorm_icebreaker/build/rtl.sv2v.v:147$44'.
Removing empty process `uart_tx.$proc$synth/icestorm_icebreaker/build/rtl.sv2v.v:146$43'.
Found and cleaned up 6 empty switches in `\uart_tx.$proc$synth/icestorm_icebreaker/build/rtl.sv2v.v:155$29'.
Removing empty process `uart_tx.$proc$synth/icestorm_icebreaker/build/rtl.sv2v.v:155$29'.
Removing empty process `uart_rx.$proc$synth/icestorm_icebreaker/build/rtl.sv2v.v:64$28'.
Removing empty process `uart_rx.$proc$synth/icestorm_icebreaker/build/rtl.sv2v.v:63$27'.
Removing empty process `uart_rx.$proc$synth/icestorm_icebreaker/build/rtl.sv2v.v:62$26'.
Removing empty process `uart_rx.$proc$synth/icestorm_icebreaker/build/rtl.sv2v.v:61$25'.
Removing empty process `uart_rx.$proc$synth/icestorm_icebreaker/build/rtl.sv2v.v:60$24'.
Removing empty process `uart_rx.$proc$synth/icestorm_icebreaker/build/rtl.sv2v.v:59$23'.
Removing empty process `uart_rx.$proc$synth/icestorm_icebreaker/build/rtl.sv2v.v:58$22'.
Removing empty process `uart_rx.$proc$synth/icestorm_icebreaker/build/rtl.sv2v.v:57$21'.
Removing empty process `uart_rx.$proc$synth/icestorm_icebreaker/build/rtl.sv2v.v:56$20'.
Found and cleaned up 10 empty switches in `\uart_rx.$proc$synth/icestorm_icebreaker/build/rtl.sv2v.v:70$1'.
Removing empty process `uart_rx.$proc$synth/icestorm_icebreaker/build/rtl.sv2v.v:70$1'.
Cleaned up 34 empty switches.

2.3.12. Executing OPT_EXPR pass (perform const folding).
Optimizing module $paramod\uart_comm\DATA_WIDTH=s32'00000000000000000000000000001000.
Optimizing module uart_tx.
<suppressed ~4 debug messages>
Optimizing module uart_rx.
<suppressed ~9 debug messages>
Optimizing module icebreaker.

2.4. Executing FLATTEN pass (flatten design).
Deleting now unused module $paramod\uart_comm\DATA_WIDTH=s32'00000000000000000000000000001000.
Deleting now unused module uart_tx.
Deleting now unused module uart_rx.
<suppressed ~3 debug messages>

2.5. Executing TRIBUF pass.

2.6. Executing DEMINOUT pass (demote inout ports to input or output).

2.7. Executing OPT_EXPR pass (perform const folding).
Optimizing module icebreaker.
<suppressed ~5 debug messages>

2.8. Executing OPT_CLEAN pass (remove unused cells and wires).
Finding unused cells or wires in module \icebreaker..
Removed 28 unused cells and 153 unused wires.
<suppressed ~29 debug messages>

2.9. Executing CHECK pass (checking for obvious problems).
Checking module icebreaker...
Found and reported 0 problems.

2.10. Executing OPT pass (performing simple optimizations).

2.10.1. Executing OPT_EXPR pass (perform const folding).
Optimizing module icebreaker.

2.10.2. Executing OPT_MERGE pass (detect identical cells).
Finding identical cells in module `\icebreaker'.
<suppressed ~9 debug messages>
Removed a total of 3 cells.

2.10.3. Executing OPT_MUXTREE pass (detect dead branches in mux trees).
Running muxtree optimizer on module \icebreaker..
  Creating internal representation of mux trees.
  Evaluating internal representation of mux trees.
  Analyzing evaluation results.
Removed 0 multiplexer ports.
<suppressed ~12 debug messages>

2.10.4. Executing OPT_REDUCE pass (consolidate $*mux and $reduce_* inputs).
  Optimizing cells in module \icebreaker.
Performed a total of 0 changes.

2.10.5. Executing OPT_MERGE pass (detect identical cells).
Finding identical cells in module `\icebreaker'.
Removed a total of 0 cells.

2.10.6. Executing OPT_DFF pass (perform DFF optimizations).

2.10.7. Executing OPT_CLEAN pass (remove unused cells and wires).
Finding unused cells or wires in module \icebreaker..
Removed 0 unused cells and 11 unused wires.
<suppressed ~9 debug messages>

2.10.8. Executing OPT_EXPR pass (perform const folding).
Optimizing module icebreaker.

2.10.9. Rerunning OPT passes. (Maybe there is more to do..)

2.10.10. Executing OPT_MUXTREE pass (detect dead branches in mux trees).
Running muxtree optimizer on module \icebreaker..
  Creating internal representation of mux trees.
  Evaluating internal representation of mux trees.
  Analyzing evaluation results.
Removed 0 multiplexer ports.
<suppressed ~12 debug messages>

2.10.11. Executing OPT_REDUCE pass (consolidate $*mux and $reduce_* inputs).
  Optimizing cells in module \icebreaker.
Performed a total of 0 changes.

2.10.12. Executing OPT_MERGE pass (detect identical cells).
Finding identical cells in module `\icebreaker'.
Removed a total of 0 cells.

2.10.13. Executing OPT_DFF pass (perform DFF optimizations).

2.10.14. Executing OPT_CLEAN pass (remove unused cells and wires).
Finding unused cells or wires in module \icebreaker..

2.10.15. Executing OPT_EXPR pass (perform const folding).
Optimizing module icebreaker.

2.10.16. Finished OPT passes. (There is nothing left to do.)

2.11. Executing FSM pass (extract and optimize FSM).

2.11.1. Executing FSM_DETECT pass (finding FSMs in design).

2.11.2. Executing FSM_EXTRACT pass (extracting FSM from design).

2.11.3. Executing FSM_OPT pass (simple optimizations of FSMs).

2.11.4. Executing OPT_CLEAN pass (remove unused cells and wires).
Finding unused cells or wires in module \icebreaker..

2.11.5. Executing FSM_OPT pass (simple optimizations of FSMs).

2.11.6. Executing FSM_RECODE pass (re-assigning FSM state encoding).

2.11.7. Executing FSM_INFO pass (dumping all available information on FSM cells).

2.11.8. Executing FSM_MAP pass (mapping FSMs to basic logic).

2.12. Executing OPT pass (performing simple optimizations).

2.12.1. Executing OPT_EXPR pass (perform const folding).
Optimizing module icebreaker.

2.12.2. Executing OPT_MERGE pass (detect identical cells).
Finding identical cells in module `\icebreaker'.
Removed a total of 0 cells.

2.12.3. Executing OPT_MUXTREE pass (detect dead branches in mux trees).
Running muxtree optimizer on module \icebreaker..
  Creating internal representation of mux trees.
  Evaluating internal representation of mux trees.
  Analyzing evaluation results.
Removed 0 multiplexer ports.
<suppressed ~12 debug messages>

2.12.4. Executing OPT_REDUCE pass (consolidate $*mux and $reduce_* inputs).
  Optimizing cells in module \icebreaker.
Performed a total of 0 changes.

2.12.5. Executing OPT_MERGE pass (detect identical cells).
Finding identical cells in module `\icebreaker'.
Removed a total of 0 cells.

2.12.6. Executing OPT_DFF pass (perform DFF optimizations).
Adding SRST signal on $flatten\uart_comm.\uart_tx.$procdff$757 ($dff) from module icebreaker (D = $flatten\uart_comm.\uart_tx.$procmux$545_Y, Q = \uart_comm.uart_tx.txd_reg, rval = 1'1).
Adding EN signal on $auto$ff.cc:266:slice$770 ($sdff) from module icebreaker (D = $flatten\uart_comm.\uart_tx.$procmux$542_Y, Q = \uart_comm.uart_tx.txd_reg).
Adding SRST signal on $flatten\uart_comm.\uart_tx.$procdff$756 ($dff) from module icebreaker (D = $flatten\uart_comm.\uart_tx.$procmux$494_Y, Q = \uart_comm.uart_tx.s_axis_tready_reg, rval = 1'0).
Adding EN signal on $auto$ff.cc:266:slice$780 ($sdff) from module icebreaker (D = $flatten\uart_comm.\uart_tx.$procmux$492_Y, Q = \uart_comm.uart_tx.s_axis_tready_reg).
Adding SRST signal on $flatten\uart_comm.\uart_tx.$procdff$755 ($dff) from module icebreaker (D = $flatten\uart_comm.\uart_tx.$procmux$513_Y, Q = \uart_comm.uart_tx.bit_cnt, rval = 4'0000).
Adding EN signal on $auto$ff.cc:266:slice$784 ($sdff) from module icebreaker (D = $flatten\uart_comm.\uart_tx.$procmux$510_Y, Q = \uart_comm.uart_tx.bit_cnt).
Adding SRST signal on $flatten\uart_comm.\uart_tx.$procdff$754 ($dff) from module icebreaker (D = $flatten\uart_comm.\uart_tx.$procmux$529_Y, Q = \uart_comm.uart_tx.prescale_reg, rval = 19'0000000000000000000).
Adding EN signal on $auto$ff.cc:266:slice$794 ($sdff) from module icebreaker (D = $flatten\uart_comm.\uart_tx.$procmux$529_Y, Q = \uart_comm.uart_tx.prescale_reg).
Adding EN signal on $flatten\uart_comm.\uart_tx.$procdff$753 ($dff) from module icebreaker (D = $flatten\uart_comm.\uart_tx.$procmux$483_Y, Q = \uart_comm.uart_tx.data_reg).
Adding SRST signal on $flatten\uart_comm.\uart_rx.$procdff$766 ($dff) from module icebreaker (D = $flatten\uart_comm.\uart_rx.$procmux$621_Y, Q = \uart_comm.uart_rx.bit_cnt, rval = 4'0000).
Adding EN signal on $auto$ff.cc:266:slice$813 ($sdff) from module icebreaker (D = $flatten\uart_comm.\uart_rx.$procmux$618_Y, Q = \uart_comm.uart_rx.bit_cnt).
Adding SRST signal on $flatten\uart_comm.\uart_rx.$procdff$765 ($dff) from module icebreaker (D = $flatten\uart_comm.\uart_rx.$procmux$641_Y, Q = \uart_comm.uart_rx.prescale_reg, rval = 19'0000000000000000000).
Adding EN signal on $auto$ff.cc:266:slice$823 ($sdff) from module icebreaker (D = $flatten\uart_comm.\uart_rx.$procmux$641_Y, Q = \uart_comm.uart_rx.prescale_reg).
Adding EN signal on $flatten\uart_comm.\uart_rx.$procdff$764 ($dff) from module icebreaker (D = $flatten\uart_comm.\uart_rx.$procmux$655_Y, Q = \uart_comm.uart_rx.data_reg).
Adding SRST signal on $flatten\uart_comm.\uart_rx.$procdff$760 ($dff) from module icebreaker (D = \rx_i, Q = \uart_comm.uart_rx.rxd_reg, rval = 1'1).
Adding SRST signal on $flatten\uart_comm.\uart_rx.$procdff$759 ($dff) from module icebreaker (D = $flatten\uart_comm.\uart_rx.$procmux$691_Y, Q = \uart_comm.uart_rx.m_axis_tvalid_reg, rval = 1'0).
Adding SRST signal on $flatten\uart_comm.\uart_rx.$procdff$758 ($dff) from module icebreaker (D = $flatten\uart_comm.\uart_rx.$procmux$711_Y, Q = \uart_comm.uart_rx.m_axis_tdata_reg, rval = 8'00000000).
Adding EN signal on $auto$ff.cc:266:slice$846 ($sdff) from module icebreaker (D = \uart_comm.uart_rx.data_reg, Q = \uart_comm.uart_rx.m_axis_tdata_reg).

2.12.7. Executing OPT_CLEAN pass (remove unused cells and wires).
Finding unused cells or wires in module \icebreaker..
Removed 24 unused cells and 24 unused wires.
<suppressed ~25 debug messages>

2.12.8. Executing OPT_EXPR pass (perform const folding).
Optimizing module icebreaker.
<suppressed ~4 debug messages>

2.12.9. Rerunning OPT passes. (Maybe there is more to do..)

2.12.10. Executing OPT_MUXTREE pass (detect dead branches in mux trees).
Running muxtree optimizer on module \icebreaker..
  Creating internal representation of mux trees.
  Evaluating internal representation of mux trees.
  Analyzing evaluation results.
Removed 0 multiplexer ports.
<suppressed ~10 debug messages>

2.12.11. Executing OPT_REDUCE pass (consolidate $*mux and $reduce_* inputs).
  Optimizing cells in module \icebreaker.
Performed a total of 0 changes.

2.12.12. Executing OPT_MERGE pass (detect identical cells).
Finding identical cells in module `\icebreaker'.
<suppressed ~30 debug messages>
Removed a total of 10 cells.

2.12.13. Executing OPT_DFF pass (perform DFF optimizations).

2.12.14. Executing OPT_CLEAN pass (remove unused cells and wires).
Finding unused cells or wires in module \icebreaker..
Removed 0 unused cells and 10 unused wires.
<suppressed ~1 debug messages>

2.12.15. Executing OPT_EXPR pass (perform const folding).
Optimizing module icebreaker.

2.12.16. Rerunning OPT passes. (Maybe there is more to do..)

2.12.17. Executing OPT_MUXTREE pass (detect dead branches in mux trees).
Running muxtree optimizer on module \icebreaker..
  Creating internal representation of mux trees.
  Evaluating internal representation of mux trees.
  Analyzing evaluation results.
Removed 0 multiplexer ports.
<suppressed ~10 debug messages>

2.12.18. Executing OPT_REDUCE pass (consolidate $*mux and $reduce_* inputs).
  Optimizing cells in module \icebreaker.
Performed a total of 0 changes.

2.12.19. Executing OPT_MERGE pass (detect identical cells).
Finding identical cells in module `\icebreaker'.
Removed a total of 0 cells.

2.12.20. Executing OPT_DFF pass (perform DFF optimizations).

2.12.21. Executing OPT_CLEAN pass (remove unused cells and wires).
Finding unused cells or wires in module \icebreaker..

2.12.22. Executing OPT_EXPR pass (perform const folding).
Optimizing module icebreaker.

2.12.23. Finished OPT passes. (There is nothing left to do.)

2.13. Executing WREDUCE pass (reducing word size of cells).
Removed top 2 bits (of 3) from port B of cell icebreaker.$auto$opt_dff.cc:195:make_patterns_logic$835 ($ne).
Removed top 2 bits (of 4) from port B of cell icebreaker.$auto$opt_dff.cc:195:make_patterns_logic$828 ($ne).
Removed top 2 bits (of 3) from port B of cell icebreaker.$auto$opt_dff.cc:195:make_patterns_logic$826 ($ne).
Removed top 3 bits (of 4) from port B of cell icebreaker.$auto$opt_dff.cc:195:make_patterns_logic$818 ($ne).
Removed top 1 bits (of 2) from port B of cell icebreaker.$auto$opt_dff.cc:195:make_patterns_logic$816 ($ne).
Removed top 31 bits (of 32) from port B of cell icebreaker.$flatten\uart_comm.\uart_rx.$gt$synth/icestorm_icebreaker/build/rtl.sv2v.v:87$3 ($gt).
Removed top 31 bits (of 32) from port B of cell icebreaker.$flatten\uart_comm.\uart_rx.$sub$synth/icestorm_icebreaker/build/rtl.sv2v.v:88$4 ($sub).
Removed top 13 bits (of 32) from port Y of cell icebreaker.$flatten\uart_comm.\uart_rx.$sub$synth/icestorm_icebreaker/build/rtl.sv2v.v:88$4 ($sub).
Removed top 31 bits (of 32) from port B of cell icebreaker.$flatten\uart_comm.\uart_rx.$gt$synth/icestorm_icebreaker/build/rtl.sv2v.v:89$5 ($gt).
Removed top 28 bits (of 32) from port B of cell icebreaker.$flatten\uart_comm.\uart_rx.$gt$synth/icestorm_icebreaker/build/rtl.sv2v.v:90$6 ($gt).
Removed top 31 bits (of 32) from port B of cell icebreaker.$flatten\uart_comm.\uart_rx.$gt$synth/icestorm_icebreaker/build/rtl.sv2v.v:100$11 ($gt).
Removed top 31 bits (of 32) from port B of cell icebreaker.$flatten\uart_comm.\uart_rx.$sub$synth/icestorm_icebreaker/build/rtl.sv2v.v:101$12 ($sub).
Removed top 28 bits (of 32) from port Y of cell icebreaker.$flatten\uart_comm.\uart_rx.$sub$synth/icestorm_icebreaker/build/rtl.sv2v.v:101$12 ($sub).
Removed top 3 bits (of 4) from port B of cell icebreaker.$flatten\uart_comm.\uart_rx.$eq$synth/icestorm_icebreaker/build/rtl.sv2v.v:105$15 ($eq).
Removed top 16 bits (of 19) from mux cell icebreaker.$flatten\uart_comm.\uart_rx.$procmux$634 ($mux).
Removed top 31 bits (of 32) from port B of cell icebreaker.$flatten\uart_comm.\uart_tx.$sub$synth/icestorm_icebreaker/build/rtl.sv2v.v:165$31 ($sub).
Removed top 13 bits (of 32) from port Y of cell icebreaker.$flatten\uart_comm.\uart_tx.$sub$synth/icestorm_icebreaker/build/rtl.sv2v.v:165$31 ($sub).
Removed top 31 bits (of 32) from port B of cell icebreaker.$flatten\uart_comm.\uart_tx.$gt$synth/icestorm_icebreaker/build/rtl.sv2v.v:179$36 ($gt).
Removed top 31 bits (of 32) from port B of cell icebreaker.$flatten\uart_comm.\uart_tx.$sub$synth/icestorm_icebreaker/build/rtl.sv2v.v:180$37 ($sub).
Removed top 28 bits (of 32) from port Y of cell icebreaker.$flatten\uart_comm.\uart_tx.$sub$synth/icestorm_icebreaker/build/rtl.sv2v.v:180$37 ($sub).
Removed top 3 bits (of 4) from port B of cell icebreaker.$flatten\uart_comm.\uart_tx.$eq$synth/icestorm_icebreaker/build/rtl.sv2v.v:184$40 ($eq).
Removed top 31 bits (of 32) from port B of cell icebreaker.$flatten\uart_comm.\uart_tx.$gt$synth/icestorm_icebreaker/build/rtl.sv2v.v:163$30 ($gt).
Removed top 16 bits (of 19) from wire icebreaker.$flatten\uart_comm.\uart_rx.$procmux$634_Y.
Removed top 28 bits (of 32) from wire icebreaker.$flatten\uart_comm.\uart_rx.$sub$synth/icestorm_icebreaker/build/rtl.sv2v.v:101$12_Y.
Removed top 13 bits (of 32) from wire icebreaker.$flatten\uart_comm.\uart_rx.$sub$synth/icestorm_icebreaker/build/rtl.sv2v.v:88$4_Y.
Removed top 13 bits (of 32) from wire icebreaker.$flatten\uart_comm.\uart_tx.$sub$synth/icestorm_icebreaker/build/rtl.sv2v.v:165$31_Y.

2.14. Executing PEEPOPT pass (run peephole optimizers).

2.15. Executing OPT_CLEAN pass (remove unused cells and wires).
Finding unused cells or wires in module \icebreaker..
Removed 0 unused cells and 4 unused wires.
<suppressed ~1 debug messages>

2.16. Executing SHARE pass (SAT-based resource sharing).

2.17. Executing TECHMAP pass (map to technology primitives).

2.17.1. Executing Verilog-2005 frontend: /usr/local/bin/../share/yosys/cmp2lut.v
Parsing Verilog input from `/usr/local/bin/../share/yosys/cmp2lut.v' to AST representation.
Generating RTLIL representation for module `\_90_lut_cmp_'.
Successfully finished Verilog frontend.

2.17.2. Continuing TECHMAP pass.
Using template $paramod$63c7f1a5c4d320eda7bf5de8a615386686b975ab\_90_lut_cmp_ for cells of type $gt.
Using template $paramod$e4c92889d88a2565010b877d9939a0ac6b8fc9a2\_90_lut_cmp_ for cells of type $gt.
Using template $paramod$106e7676feb63f00b8f79ebab3ff16b0f4c109cb\_90_lut_cmp_ for cells of type $gt.
No more expansions possible.
<suppressed ~123 debug messages>

2.18. Executing OPT_EXPR pass (perform const folding).
Optimizing module icebreaker.

2.19. Executing OPT_CLEAN pass (remove unused cells and wires).
Finding unused cells or wires in module \icebreaker..
Removed 0 unused cells and 12 unused wires.
<suppressed ~1 debug messages>

2.20. Executing ALUMACC pass (create $alu and $macc cells).
Extracting $alu and $macc cells in module icebreaker:
  creating $macc model for $flatten\uart_comm.\uart_rx.$sub$synth/icestorm_icebreaker/build/rtl.sv2v.v:101$12 ($sub).
  creating $macc model for $flatten\uart_comm.\uart_rx.$sub$synth/icestorm_icebreaker/build/rtl.sv2v.v:88$4 ($sub).
  creating $macc model for $flatten\uart_comm.\uart_tx.$sub$synth/icestorm_icebreaker/build/rtl.sv2v.v:165$31 ($sub).
  creating $macc model for $flatten\uart_comm.\uart_tx.$sub$synth/icestorm_icebreaker/build/rtl.sv2v.v:180$37 ($sub).
  creating $alu model for $macc $flatten\uart_comm.\uart_tx.$sub$synth/icestorm_icebreaker/build/rtl.sv2v.v:180$37.
  creating $alu model for $macc $flatten\uart_comm.\uart_tx.$sub$synth/icestorm_icebreaker/build/rtl.sv2v.v:165$31.
  creating $alu model for $macc $flatten\uart_comm.\uart_rx.$sub$synth/icestorm_icebreaker/build/rtl.sv2v.v:88$4.
  creating $alu model for $macc $flatten\uart_comm.\uart_rx.$sub$synth/icestorm_icebreaker/build/rtl.sv2v.v:101$12.
  creating $alu model for $flatten\uart_comm.\uart_rx.$gt$synth/icestorm_icebreaker/build/rtl.sv2v.v:87$3 ($gt): new $alu
  creating $alu model for $flatten\uart_comm.\uart_tx.$gt$synth/icestorm_icebreaker/build/rtl.sv2v.v:163$30 ($gt): new $alu
  creating $alu cell for $flatten\uart_comm.\uart_tx.$gt$synth/icestorm_icebreaker/build/rtl.sv2v.v:163$30: $auto$alumacc.cc:485:replace_alu$870
  creating $alu cell for $flatten\uart_comm.\uart_rx.$gt$synth/icestorm_icebreaker/build/rtl.sv2v.v:87$3: $auto$alumacc.cc:485:replace_alu$875
  creating $alu cell for $flatten\uart_comm.\uart_rx.$sub$synth/icestorm_icebreaker/build/rtl.sv2v.v:101$12: $auto$alumacc.cc:485:replace_alu$880
  creating $alu cell for $flatten\uart_comm.\uart_rx.$sub$synth/icestorm_icebreaker/build/rtl.sv2v.v:88$4: $auto$alumacc.cc:485:replace_alu$883
  creating $alu cell for $flatten\uart_comm.\uart_tx.$sub$synth/icestorm_icebreaker/build/rtl.sv2v.v:165$31: $auto$alumacc.cc:485:replace_alu$886
  creating $alu cell for $flatten\uart_comm.\uart_tx.$sub$synth/icestorm_icebreaker/build/rtl.sv2v.v:180$37: $auto$alumacc.cc:485:replace_alu$889
  created 6 $alu and 0 $macc cells.

2.21. Executing OPT pass (performing simple optimizations).

2.21.1. Executing OPT_EXPR pass (perform const folding).
Optimizing module icebreaker.
<suppressed ~5 debug messages>

2.21.2. Executing OPT_MERGE pass (detect identical cells).
Finding identical cells in module `\icebreaker'.
Removed a total of 0 cells.

2.21.3. Executing OPT_MUXTREE pass (detect dead branches in mux trees).
Running muxtree optimizer on module \icebreaker..
  Creating internal representation of mux trees.
  Evaluating internal representation of mux trees.
  Analyzing evaluation results.
Removed 0 multiplexer ports.
<suppressed ~10 debug messages>

2.21.4. Executing OPT_REDUCE pass (consolidate $*mux and $reduce_* inputs).
  Optimizing cells in module \icebreaker.
Performed a total of 0 changes.

2.21.5. Executing OPT_MERGE pass (detect identical cells).
Finding identical cells in module `\icebreaker'.
Removed a total of 0 cells.

2.21.6. Executing OPT_DFF pass (perform DFF optimizations).

2.21.7. Executing OPT_CLEAN pass (remove unused cells and wires).
Finding unused cells or wires in module \icebreaker..
Removed 0 unused cells and 4 unused wires.
<suppressed ~1 debug messages>

2.21.8. Executing OPT_EXPR pass (perform const folding).
Optimizing module icebreaker.

2.21.9. Rerunning OPT passes. (Maybe there is more to do..)

2.21.10. Executing OPT_MUXTREE pass (detect dead branches in mux trees).
Running muxtree optimizer on module \icebreaker..
  Creating internal representation of mux trees.
  Evaluating internal representation of mux trees.
  Analyzing evaluation results.
Removed 0 multiplexer ports.
<suppressed ~10 debug messages>

2.21.11. Executing OPT_REDUCE pass (consolidate $*mux and $reduce_* inputs).
  Optimizing cells in module \icebreaker.
Performed a total of 0 changes.

2.21.12. Executing OPT_MERGE pass (detect identical cells).
Finding identical cells in module `\icebreaker'.
Removed a total of 0 cells.

2.21.13. Executing OPT_DFF pass (perform DFF optimizations).

2.21.14. Executing OPT_CLEAN pass (remove unused cells and wires).
Finding unused cells or wires in module \icebreaker..

2.21.15. Executing OPT_EXPR pass (perform const folding).
Optimizing module icebreaker.

2.21.16. Finished OPT passes. (There is nothing left to do.)

2.22. Executing MEMORY pass.

2.22.1. Executing OPT_MEM pass (optimize memories).
Performed a total of 0 transformations.

2.22.2. Executing OPT_MEM_PRIORITY pass (removing unnecessary memory write priority relations).
Performed a total of 0 transformations.

2.22.3. Executing OPT_MEM_FEEDBACK pass (finding memory read-to-write feedback paths).

2.22.4. Executing MEMORY_BMUX2ROM pass (converting muxes to ROMs).

2.22.5. Executing MEMORY_DFF pass (merging $dff cells to $memrd).

2.22.6. Executing OPT_CLEAN pass (remove unused cells and wires).
Finding unused cells or wires in module \icebreaker..

2.22.7. Executing MEMORY_SHARE pass (consolidating $memrd/$memwr cells).

2.22.8. Executing OPT_MEM_WIDEN pass (optimize memories where all ports are wide).
Performed a total of 0 transformations.

2.22.9. Executing OPT_CLEAN pass (remove unused cells and wires).
Finding unused cells or wires in module \icebreaker..

2.22.10. Executing MEMORY_COLLECT pass (generating $mem cells).

2.23. Executing OPT_CLEAN pass (remove unused cells and wires).
Finding unused cells or wires in module \icebreaker..

2.24. Executing MEMORY_LIBMAP pass (mapping memories to cells).

2.25. Executing TECHMAP pass (map to technology primitives).

2.25.1. Executing Verilog-2005 frontend: /usr/local/bin/../share/yosys/ice40/brams_map.v
Parsing Verilog input from `/usr/local/bin/../share/yosys/ice40/brams_map.v' to AST representation.
Generating RTLIL representation for module `\$__ICE40_RAM4K_'.
Successfully finished Verilog frontend.

2.25.2. Executing Verilog-2005 frontend: /usr/local/bin/../share/yosys/ice40/spram_map.v
Parsing Verilog input from `/usr/local/bin/../share/yosys/ice40/spram_map.v' to AST representation.
Generating RTLIL representation for module `\$__ICE40_SPRAM_'.
Successfully finished Verilog frontend.

2.25.3. Continuing TECHMAP pass.
No more expansions possible.
<suppressed ~4 debug messages>

2.26. Executing ICE40_BRAMINIT pass.

2.27. Executing OPT pass (performing simple optimizations).

2.27.1. Executing OPT_EXPR pass (perform const folding).
Optimizing module icebreaker.
<suppressed ~17 debug messages>

2.27.2. Executing OPT_MERGE pass (detect identical cells).
Finding identical cells in module `\icebreaker'.
Removed a total of 0 cells.

2.27.3. Executing OPT_DFF pass (perform DFF optimizations).
Adding SRST signal on $auto$ff.cc:266:slice$831 ($dffe) from module icebreaker (D = $flatten\uart_comm.\uart_rx.$procmux$653_Y, Q = \uart_comm.uart_rx.data_reg, rval = 8'00000000).

2.27.4. Executing OPT_CLEAN pass (remove unused cells and wires).
Finding unused cells or wires in module \icebreaker..
Removed 1 unused cells and 18 unused wires.
<suppressed ~2 debug messages>

2.27.5. Rerunning OPT passes. (Removed registers in this run.)

2.27.6. Executing OPT_EXPR pass (perform const folding).
Optimizing module icebreaker.

2.27.7. Executing OPT_MERGE pass (detect identical cells).
Finding identical cells in module `\icebreaker'.
Removed a total of 0 cells.

2.27.8. Executing OPT_DFF pass (perform DFF optimizations).

2.27.9. Executing OPT_CLEAN pass (remove unused cells and wires).
Finding unused cells or wires in module \icebreaker..

2.27.10. Finished fast OPT passes.

2.28. Executing MEMORY_MAP pass (converting memories to logic and flip-flops).

2.29. Executing OPT pass (performing simple optimizations).

2.29.1. Executing OPT_EXPR pass (perform const folding).
Optimizing module icebreaker.

2.29.2. Executing OPT_MERGE pass (detect identical cells).
Finding identical cells in module `\icebreaker'.
Removed a total of 0 cells.

2.29.3. Executing OPT_MUXTREE pass (detect dead branches in mux trees).
Running muxtree optimizer on module \icebreaker..
  Creating internal representation of mux trees.
  Evaluating internal representation of mux trees.
  Analyzing evaluation results.
Removed 0 multiplexer ports.
<suppressed ~9 debug messages>

2.29.4. Executing OPT_REDUCE pass (consolidate $*mux and $reduce_* inputs).
  Optimizing cells in module \icebreaker.
    Consolidated identical input bits for $mux cell $flatten\uart_comm.\uart_rx.$procmux$634:
      Old ports: A=3'111, B=3'000, Y=$auto$wreduce.cc:513:run$856 [2:0]
      New ports: A=1'1, B=1'0, Y=$auto$wreduce.cc:513:run$856 [0]
      New connections: $auto$wreduce.cc:513:run$856 [2:1] = { $auto$wreduce.cc:513:run$856 [0] $auto$wreduce.cc:513:run$856 [0] }
    Consolidated identical input bits for $mux cell $flatten\uart_comm.\uart_rx.$procmux$636:
      Old ports: A=19'0000000000000000111, B={ 16'0000000000000000 $auto$wreduce.cc:513:run$856 [2:0] }, Y=$flatten\uart_comm.\uart_rx.$procmux$636_Y
      New ports: A=3'111, B=$auto$wreduce.cc:513:run$856 [2:0], Y=$flatten\uart_comm.\uart_rx.$procmux$636_Y [2:0]
      New connections: $flatten\uart_comm.\uart_rx.$procmux$636_Y [18:3] = 16'0000000000000000
    Consolidated identical input bits for $mux cell $flatten\uart_comm.\uart_tx.$procmux$521:
      Old ports: A=19'0000000000000001000, B=19'0000000000000000111, Y=$flatten\uart_comm.\uart_tx.$procmux$521_Y
      New ports: A=2'10, B=2'01, Y={ $flatten\uart_comm.\uart_tx.$procmux$521_Y [3] $flatten\uart_comm.\uart_tx.$procmux$521_Y [0] }
      New connections: { $flatten\uart_comm.\uart_tx.$procmux$521_Y [18:4] $flatten\uart_comm.\uart_tx.$procmux$521_Y [2:1] } = { 15'000000000000000 $flatten\uart_comm.\uart_tx.$procmux$521_Y [0] $flatten\uart_comm.\uart_tx.$procmux$521_Y [0] }
  Optimizing cells in module \icebreaker.
    Consolidated identical input bits for $mux cell $flatten\uart_comm.\uart_rx.$procmux$636:
      Old ports: A=3'111, B=$auto$wreduce.cc:513:run$856 [2:0], Y=$flatten\uart_comm.\uart_rx.$procmux$636_Y [2:0]
      New ports: A=1'1, B=$auto$wreduce.cc:513:run$856 [0], Y=$flatten\uart_comm.\uart_rx.$procmux$636_Y [0]
      New connections: $flatten\uart_comm.\uart_rx.$procmux$636_Y [2:1] = { $flatten\uart_comm.\uart_rx.$procmux$636_Y [0] $flatten\uart_comm.\uart_rx.$procmux$636_Y [0] }
    Consolidated identical input bits for $mux cell $flatten\uart_comm.\uart_rx.$procmux$638:
      Old ports: A=19'0000000000000000010, B=$flatten\uart_comm.\uart_rx.$procmux$636_Y, Y=$flatten\uart_comm.\uart_rx.$procmux$638_Y
      New ports: A=3'010, B=$flatten\uart_comm.\uart_rx.$procmux$636_Y [2:0], Y=$flatten\uart_comm.\uart_rx.$procmux$638_Y [2:0]
      New connections: $flatten\uart_comm.\uart_rx.$procmux$638_Y [18:3] = 16'0000000000000000
    Consolidated identical input bits for $mux cell $flatten\uart_comm.\uart_tx.$procmux$526:
      Old ports: A=$flatten\uart_comm.\uart_tx.$procmux$521_Y, B=19'0000000000000000111, Y=$flatten\uart_comm.\uart_tx.$procmux$526_Y
      New ports: A={ $flatten\uart_comm.\uart_tx.$procmux$521_Y [3] $flatten\uart_comm.\uart_tx.$procmux$521_Y [0] }, B=2'01, Y={ $flatten\uart_comm.\uart_tx.$procmux$526_Y [3] $flatten\uart_comm.\uart_tx.$procmux$526_Y [0] }
      New connections: { $flatten\uart_comm.\uart_tx.$procmux$526_Y [18:4] $flatten\uart_comm.\uart_tx.$procmux$526_Y [2:1] } = { 15'000000000000000 $flatten\uart_comm.\uart_tx.$procmux$526_Y [0] $flatten\uart_comm.\uart_tx.$procmux$526_Y [0] }
  Optimizing cells in module \icebreaker.
    Consolidated identical input bits for $mux cell $flatten\uart_comm.\uart_rx.$procmux$638:
      Old ports: A=3'010, B=$flatten\uart_comm.\uart_rx.$procmux$636_Y [2:0], Y=$flatten\uart_comm.\uart_rx.$procmux$638_Y [2:0]
      New ports: A=2'10, B={ $flatten\uart_comm.\uart_rx.$procmux$636_Y [0] $flatten\uart_comm.\uart_rx.$procmux$636_Y [0] }, Y=$flatten\uart_comm.\uart_rx.$procmux$638_Y [1:0]
      New connections: $flatten\uart_comm.\uart_rx.$procmux$638_Y [2] = $flatten\uart_comm.\uart_rx.$procmux$638_Y [0]
  Optimizing cells in module \icebreaker.
Performed a total of 7 changes.

2.29.5. Executing OPT_MERGE pass (detect identical cells).
Finding identical cells in module `\icebreaker'.
Removed a total of 0 cells.

2.29.6. Executing OPT_DFF pass (perform DFF optimizations).

2.29.7. Executing OPT_CLEAN pass (remove unused cells and wires).
Finding unused cells or wires in module \icebreaker..

2.29.8. Executing OPT_EXPR pass (perform const folding).
Optimizing module icebreaker.

2.29.9. Rerunning OPT passes. (Maybe there is more to do..)

2.29.10. Executing OPT_MUXTREE pass (detect dead branches in mux trees).
Running muxtree optimizer on module \icebreaker..
  Creating internal representation of mux trees.
  Evaluating internal representation of mux trees.
  Analyzing evaluation results.
Removed 0 multiplexer ports.
<suppressed ~9 debug messages>

2.29.11. Executing OPT_REDUCE pass (consolidate $*mux and $reduce_* inputs).
  Optimizing cells in module \icebreaker.
Performed a total of 0 changes.

2.29.12. Executing OPT_MERGE pass (detect identical cells).
Finding identical cells in module `\icebreaker'.
Removed a total of 0 cells.

2.29.13. Executing OPT_DFF pass (perform DFF optimizations).

2.29.14. Executing OPT_CLEAN pass (remove unused cells and wires).
Finding unused cells or wires in module \icebreaker..

2.29.15. Executing OPT_EXPR pass (perform const folding).
Optimizing module icebreaker.

2.29.16. Finished OPT passes. (There is nothing left to do.)

2.30. Executing ICE40_WRAPCARRY pass (wrap carries).

2.31. Executing TECHMAP pass (map to technology primitives).

2.31.1. Executing Verilog-2005 frontend: /usr/local/bin/../share/yosys/techmap.v
Parsing Verilog input from `/usr/local/bin/../share/yosys/techmap.v' to AST representation.
Generating RTLIL representation for module `\_90_simplemap_bool_ops'.
Generating RTLIL representation for module `\_90_simplemap_reduce_ops'.
Generating RTLIL representation for module `\_90_simplemap_logic_ops'.
Generating RTLIL representation for module `\_90_simplemap_compare_ops'.
Generating RTLIL representation for module `\_90_simplemap_various'.
Generating RTLIL representation for module `\_90_simplemap_registers'.
Generating RTLIL representation for module `\_90_shift_ops_shr_shl_sshl_sshr'.
Generating RTLIL representation for module `\_90_shift_shiftx'.
Generating RTLIL representation for module `\_90_fa'.
Generating RTLIL representation for module `\_90_lcu_brent_kung'.
Generating RTLIL representation for module `\_90_alu'.
Generating RTLIL representation for module `\_90_macc'.
Generating RTLIL representation for module `\_90_alumacc'.
Generating RTLIL representation for module `\$__div_mod_u'.
Generating RTLIL representation for module `\$__div_mod_trunc'.
Generating RTLIL representation for module `\_90_div'.
Generating RTLIL representation for module `\_90_mod'.
Generating RTLIL representation for module `\$__div_mod_floor'.
Generating RTLIL representation for module `\_90_divfloor'.
Generating RTLIL representation for module `\_90_modfloor'.
Generating RTLIL representation for module `\_90_pow'.
Generating RTLIL representation for module `\_90_pmux'.
Generating RTLIL representation for module `\_90_demux'.
Generating RTLIL representation for module `\_90_lut'.
Successfully finished Verilog frontend.

2.31.2. Executing Verilog-2005 frontend: /usr/local/bin/../share/yosys/ice40/arith_map.v
Parsing Verilog input from `/usr/local/bin/../share/yosys/ice40/arith_map.v' to AST representation.
Generating RTLIL representation for module `\_80_ice40_alu'.
Successfully finished Verilog frontend.

2.31.3. Continuing TECHMAP pass.
Using extmapper simplemap for cells of type $reduce_and.
Using extmapper simplemap for cells of type $dffe.
Using extmapper simplemap for cells of type $ne.
Using template $paramod$20b1d0597707d55efcb9664e40f63985956d7680\_80_ice40_alu for cells of type $alu.
Using extmapper simplemap for cells of type $lut.
Using extmapper simplemap for cells of type $not.
Using extmapper simplemap for cells of type $reduce_bool.
Using extmapper simplemap for cells of type $reduce_or.
Using template $paramod$8742280fdebca84e1c87f2a86ed84f62d558f4cc\_80_ice40_alu for cells of type $alu.
Using template $paramod$3826c06832e910ed7e3a5e37dc9a6adea7917f5a\_80_ice40_alu for cells of type $alu.
Using extmapper simplemap for cells of type $sdffe.
Using extmapper simplemap for cells of type $eq.
Using extmapper simplemap for cells of type $sdff.
Using extmapper simplemap for cells of type $mux.
Using extmapper simplemap for cells of type $logic_not.
Using extmapper simplemap for cells of type $sdffce.
Using extmapper simplemap for cells of type $logic_and.
Using extmapper simplemap for cells of type $pos.
Using extmapper simplemap for cells of type $xor.
No more expansions possible.
<suppressed ~232 debug messages>

2.32. Executing OPT pass (performing simple optimizations).

2.32.1. Executing OPT_EXPR pass (perform const folding).
Optimizing module icebreaker.
<suppressed ~317 debug messages>

2.32.2. Executing OPT_MERGE pass (detect identical cells).
Finding identical cells in module `\icebreaker'.
<suppressed ~141 debug messages>
Removed a total of 47 cells.

2.32.3. Executing OPT_DFF pass (perform DFF optimizations).

2.32.4. Executing OPT_CLEAN pass (remove unused cells and wires).
Finding unused cells or wires in module \icebreaker..
Removed 6 unused cells and 188 unused wires.
<suppressed ~7 debug messages>

2.32.5. Finished fast OPT passes.

2.33. Executing ICE40_OPT pass (performing simple optimizations).

2.33.1. Running ICE40 specific optimizations.
Optimized $__ICE40_CARRY_WRAPPER cell back to logic (without SB_CARRY) icebreaker.$auto$alumacc.cc:485:replace_alu$870.slice[0].carry: CO=$auto$alumacc.cc:485:replace_alu$870.BB [0]
Optimized $__ICE40_CARRY_WRAPPER cell back to logic (without SB_CARRY) icebreaker.$auto$alumacc.cc:485:replace_alu$875.slice[0].carry: CO=$auto$alumacc.cc:485:replace_alu$875.BB [0]
Optimized $__ICE40_CARRY_WRAPPER cell back to logic (without SB_CARRY) icebreaker.$auto$alumacc.cc:485:replace_alu$880.slice[0].carry: CO=\uart_comm.uart_rx.bit_cnt [0]
Optimized $__ICE40_CARRY_WRAPPER cell back to logic (without SB_CARRY) icebreaker.$auto$alumacc.cc:485:replace_alu$883.slice[0].carry: CO=\uart_comm.uart_rx.prescale_reg [0]
Optimized $__ICE40_CARRY_WRAPPER cell back to logic (without SB_CARRY) icebreaker.$auto$alumacc.cc:485:replace_alu$886.slice[0].carry: CO=\uart_comm.uart_tx.prescale_reg [0]
Optimized $__ICE40_CARRY_WRAPPER cell back to logic (without SB_CARRY) icebreaker.$auto$alumacc.cc:485:replace_alu$889.slice[0].carry: CO=\uart_comm.uart_tx.bit_cnt [0]

2.33.2. Executing OPT_EXPR pass (perform const folding).
Optimizing module icebreaker.

2.33.3. Executing OPT_MERGE pass (detect identical cells).
Finding identical cells in module `\icebreaker'.
Removed a total of 0 cells.

2.33.4. Executing OPT_DFF pass (perform DFF optimizations).

2.33.5. Executing OPT_CLEAN pass (remove unused cells and wires).
Finding unused cells or wires in module \icebreaker..
Removed 2 unused cells and 0 unused wires.
<suppressed ~2 debug messages>

2.33.6. Rerunning OPT passes. (Removed registers in this run.)

2.33.7. Running ICE40 specific optimizations.

2.33.8. Executing OPT_EXPR pass (perform const folding).
Optimizing module icebreaker.

2.33.9. Executing OPT_MERGE pass (detect identical cells).
Finding identical cells in module `\icebreaker'.
Removed a total of 0 cells.

2.33.10. Executing OPT_DFF pass (perform DFF optimizations).

2.33.11. Executing OPT_CLEAN pass (remove unused cells and wires).
Finding unused cells or wires in module \icebreaker..

2.33.12. Finished OPT passes. (There is nothing left to do.)

2.34. Executing DFFLEGALIZE pass (convert FFs to types supported by the target).

2.35. Executing TECHMAP pass (map to technology primitives).

2.35.1. Executing Verilog-2005 frontend: /usr/local/bin/../share/yosys/ice40/ff_map.v
Parsing Verilog input from `/usr/local/bin/../share/yosys/ice40/ff_map.v' to AST representation.
Generating RTLIL representation for module `\$_DFF_N_'.
Generating RTLIL representation for module `\$_DFF_P_'.
Generating RTLIL representation for module `\$_DFFE_NP_'.
Generating RTLIL representation for module `\$_DFFE_PP_'.
Generating RTLIL representation for module `\$_DFF_NP0_'.
Generating RTLIL representation for module `\$_DFF_NP1_'.
Generating RTLIL representation for module `\$_DFF_PP0_'.
Generating RTLIL representation for module `\$_DFF_PP1_'.
Generating RTLIL representation for module `\$_DFFE_NP0P_'.
Generating RTLIL representation for module `\$_DFFE_NP1P_'.
Generating RTLIL representation for module `\$_DFFE_PP0P_'.
Generating RTLIL representation for module `\$_DFFE_PP1P_'.
Generating RTLIL representation for module `\$_SDFF_NP0_'.
Generating RTLIL representation for module `\$_SDFF_NP1_'.
Generating RTLIL representation for module `\$_SDFF_PP0_'.
Generating RTLIL representation for module `\$_SDFF_PP1_'.
Generating RTLIL representation for module `\$_SDFFCE_NP0P_'.
Generating RTLIL representation for module `\$_SDFFCE_NP1P_'.
Generating RTLIL representation for module `\$_SDFFCE_PP0P_'.
Generating RTLIL representation for module `\$_SDFFCE_PP1P_'.
Successfully finished Verilog frontend.

2.35.2. Continuing TECHMAP pass.
Using template \$_SDFFCE_PP0P_ for cells of type $_SDFFCE_PP0P_.
Using template \$_DFFE_PP_ for cells of type $_DFFE_PP_.
Using template \$_SDFF_PP0_ for cells of type $_SDFF_PP0_.
No more expansions possible.
<suppressed ~97 debug messages>

2.36. Executing OPT_EXPR pass (perform const folding).
Optimizing module icebreaker.
<suppressed ~6 debug messages>

2.37. Executing SIMPLEMAP pass (map simple cells to gate primitives).
Mapping icebreaker.$auto$alumacc.cc:485:replace_alu$880.slice[0].carry ($lut).
Mapping icebreaker.$auto$alumacc.cc:485:replace_alu$883.slice[0].carry ($lut).
Mapping icebreaker.$auto$alumacc.cc:485:replace_alu$886.slice[0].carry ($lut).
Mapping icebreaker.$auto$alumacc.cc:485:replace_alu$889.slice[0].carry ($lut).

2.38. Executing ICE40_OPT pass (performing simple optimizations).

2.38.1. Running ICE40 specific optimizations.

2.38.2. Executing OPT_EXPR pass (perform const folding).
Optimizing module icebreaker.
<suppressed ~71 debug messages>

2.38.3. Executing OPT_MERGE pass (detect identical cells).
Finding identical cells in module `\icebreaker'.
<suppressed ~198 debug messages>
Removed a total of 66 cells.

2.38.4. Executing OPT_DFF pass (perform DFF optimizations).

2.38.5. Executing OPT_CLEAN pass (remove unused cells and wires).
Finding unused cells or wires in module \icebreaker..
Removed 0 unused cells and 516 unused wires.
<suppressed ~1 debug messages>

2.38.6. Rerunning OPT passes. (Removed registers in this run.)

2.38.7. Running ICE40 specific optimizations.

2.38.8. Executing OPT_EXPR pass (perform const folding).
Optimizing module icebreaker.

2.38.9. Executing OPT_MERGE pass (detect identical cells).
Finding identical cells in module `\icebreaker'.
Removed a total of 0 cells.

2.38.10. Executing OPT_DFF pass (perform DFF optimizations).

2.38.11. Executing OPT_CLEAN pass (remove unused cells and wires).
Finding unused cells or wires in module \icebreaker..

2.38.12. Finished OPT passes. (There is nothing left to do.)

2.39. Executing TECHMAP pass (map to technology primitives).

2.39.1. Executing Verilog-2005 frontend: /usr/local/bin/../share/yosys/ice40/latches_map.v
Parsing Verilog input from `/usr/local/bin/../share/yosys/ice40/latches_map.v' to AST representation.
Generating RTLIL representation for module `\$_DLATCH_N_'.
Generating RTLIL representation for module `\$_DLATCH_P_'.
Successfully finished Verilog frontend.

2.39.2. Continuing TECHMAP pass.
No more expansions possible.
<suppressed ~4 debug messages>

2.40. Executing Verilog-2005 frontend: /usr/local/bin/../share/yosys/ice40/abc9_model.v
Parsing Verilog input from `/usr/local/bin/../share/yosys/ice40/abc9_model.v' to AST representation.
Generating RTLIL representation for module `$__ICE40_CARRY_WRAPPER'.
Successfully finished Verilog frontend.

2.41. Executing ABC9 pass.

2.41.1. Executing ABC9_OPS pass (helper functions for ABC9).

2.41.2. Executing ABC9_OPS pass (helper functions for ABC9).

2.41.3. Executing SCC pass (detecting logic loops).
Found 0 SCCs in module icebreaker.
Found 0 SCCs.

2.41.4. Executing ABC9_OPS pass (helper functions for ABC9).

2.41.5. Executing PROC pass (convert processes to netlists).

2.41.5.1. Executing PROC_CLEAN pass (remove empty switches from decision trees).
Cleaned up 0 empty switches.

2.41.5.2. Executing PROC_RMDEAD pass (remove dead branches from decision trees).
Removed a total of 0 dead cases.

2.41.5.3. Executing PROC_PRUNE pass (remove redundant assignments in processes).
Removed 0 redundant assignments.
Promoted 0 assignments to connections.

2.41.5.4. Executing PROC_INIT pass (extract init attributes).

2.41.5.5. Executing PROC_ARST pass (detect async resets in processes).

2.41.5.6. Executing PROC_ROM pass (convert switches to ROMs).
Converted 0 switches.

2.41.5.7. Executing PROC_MUX pass (convert decision trees to multiplexers).

2.41.5.8. Executing PROC_DLATCH pass (convert process syncs to latches).

2.41.5.9. Executing PROC_DFF pass (convert process syncs to FFs).

2.41.5.10. Executing PROC_MEMWR pass (convert process memory writes to cells).

2.41.5.11. Executing PROC_CLEAN pass (remove empty switches from decision trees).
Cleaned up 0 empty switches.

2.41.5.12. Executing OPT_EXPR pass (perform const folding).

2.41.6. Executing TECHMAP pass (map to technology primitives).

2.41.6.1. Executing Verilog-2005 frontend: /usr/local/bin/../share/yosys/techmap.v
Parsing Verilog input from `/usr/local/bin/../share/yosys/techmap.v' to AST representation.
Generating RTLIL representation for module `\_90_simplemap_bool_ops'.
Generating RTLIL representation for module `\_90_simplemap_reduce_ops'.
Generating RTLIL representation for module `\_90_simplemap_logic_ops'.
Generating RTLIL representation for module `\_90_simplemap_compare_ops'.
Generating RTLIL representation for module `\_90_simplemap_various'.
Generating RTLIL representation for module `\_90_simplemap_registers'.
Generating RTLIL representation for module `\_90_shift_ops_shr_shl_sshl_sshr'.
Generating RTLIL representation for module `\_90_shift_shiftx'.
Generating RTLIL representation for module `\_90_fa'.
Generating RTLIL representation for module `\_90_lcu_brent_kung'.
Generating RTLIL representation for module `\_90_alu'.
Generating RTLIL representation for module `\_90_macc'.
Generating RTLIL representation for module `\_90_alumacc'.
Generating RTLIL representation for module `\$__div_mod_u'.
Generating RTLIL representation for module `\$__div_mod_trunc'.
Generating RTLIL representation for module `\_90_div'.
Generating RTLIL representation for module `\_90_mod'.
Generating RTLIL representation for module `\$__div_mod_floor'.
Generating RTLIL representation for module `\_90_divfloor'.
Generating RTLIL representation for module `\_90_modfloor'.
Generating RTLIL representation for module `\_90_pow'.
Generating RTLIL representation for module `\_90_pmux'.
Generating RTLIL representation for module `\_90_demux'.
Generating RTLIL representation for module `\_90_lut'.
Successfully finished Verilog frontend.

2.41.6.2. Continuing TECHMAP pass.
No more expansions possible.
<suppressed ~126 debug messages>

2.41.7. Executing OPT pass (performing simple optimizations).

2.41.7.1. Executing OPT_EXPR pass (perform const folding).

2.41.7.2. Executing OPT_MERGE pass (detect identical cells).
Removed a total of 0 cells.

2.41.7.3. Executing OPT_MUXTREE pass (detect dead branches in mux trees).
Removed 0 multiplexer ports.

2.41.7.4. Executing OPT_REDUCE pass (consolidate $*mux and $reduce_* inputs).
Performed a total of 0 changes.

2.41.7.5. Executing OPT_MERGE pass (detect identical cells).
Removed a total of 0 cells.

2.41.7.6. Executing OPT_DFF pass (perform DFF optimizations).

2.41.7.7. Executing OPT_CLEAN pass (remove unused cells and wires).

2.41.7.8. Executing OPT_EXPR pass (perform const folding).

2.41.7.9. Finished OPT passes. (There is nothing left to do.)

2.41.8. Executing TECHMAP pass (map to technology primitives).

2.41.8.1. Executing Verilog-2005 frontend: /usr/local/bin/../share/yosys/abc9_map.v
Parsing Verilog input from `/usr/local/bin/../share/yosys/abc9_map.v' to AST representation.
Successfully finished Verilog frontend.

2.41.8.2. Continuing TECHMAP pass.
No more expansions possible.
<suppressed ~2 debug messages>

2.41.9. Executing Verilog-2005 frontend: /usr/local/bin/../share/yosys/abc9_model.v
Parsing Verilog input from `/usr/local/bin/../share/yosys/abc9_model.v' to AST representation.
Generating RTLIL representation for module `$__ABC9_DELAY'.
Generating RTLIL representation for module `$__ABC9_SCC_BREAKER'.
Generating RTLIL representation for module `$__DFF_N__$abc9_flop'.
Generating RTLIL representation for module `$__DFF_P__$abc9_flop'.
Successfully finished Verilog frontend.

2.41.10. Executing ABC9_OPS pass (helper functions for ABC9).
<suppressed ~143 debug messages>

2.41.11. Executing ABC9_OPS pass (helper functions for ABC9).

2.41.12. Executing ABC9_OPS pass (helper functions for ABC9).
<suppressed ~2 debug messages>

2.41.13. Executing TECHMAP pass (map to technology primitives).

2.41.13.1. Executing Verilog-2005 frontend: /usr/local/bin/../share/yosys/techmap.v
Parsing Verilog input from `/usr/local/bin/../share/yosys/techmap.v' to AST representation.
Generating RTLIL representation for module `\_90_simplemap_bool_ops'.
Generating RTLIL representation for module `\_90_simplemap_reduce_ops'.
Generating RTLIL representation for module `\_90_simplemap_logic_ops'.
Generating RTLIL representation for module `\_90_simplemap_compare_ops'.
Generating RTLIL representation for module `\_90_simplemap_various'.
Generating RTLIL representation for module `\_90_simplemap_registers'.
Generating RTLIL representation for module `\_90_shift_ops_shr_shl_sshl_sshr'.
Generating RTLIL representation for module `\_90_shift_shiftx'.
Generating RTLIL representation for module `\_90_fa'.
Generating RTLIL representation for module `\_90_lcu_brent_kung'.
Generating RTLIL representation for module `\_90_alu'.
Generating RTLIL representation for module `\_90_macc'.
Generating RTLIL representation for module `\_90_alumacc'.
Generating RTLIL representation for module `\$__div_mod_u'.
Generating RTLIL representation for module `\$__div_mod_trunc'.
Generating RTLIL representation for module `\_90_div'.
Generating RTLIL representation for module `\_90_mod'.
Generating RTLIL representation for module `\$__div_mod_floor'.
Generating RTLIL representation for module `\_90_divfloor'.
Generating RTLIL representation for module `\_90_modfloor'.
Generating RTLIL representation for module `\_90_pow'.
Generating RTLIL representation for module `\_90_pmux'.
Generating RTLIL representation for module `\_90_demux'.
Generating RTLIL representation for module `\_90_lut'.
Successfully finished Verilog frontend.

2.41.13.2. Continuing TECHMAP pass.
Using template $paramod$__ICE40_CARRY_WRAPPER\LUT=16'0110100110010110\I3_IS_CI=1'1 for cells of type $paramod$__ICE40_CARRY_WRAPPER\LUT=16'0110100110010110\I3_IS_CI=1'1.
Using template $paramod\SB_LUT4\LUT_INIT=16'0110100110010110 for cells of type SB_LUT4.
Using template SB_CARRY for cells of type SB_CARRY.
Using extmapper simplemap for cells of type $mux.
Using extmapper simplemap for cells of type $logic_and.
Using extmapper simplemap for cells of type $logic_or.
No more expansions possible.
<suppressed ~147 debug messages>

2.41.14. Executing OPT pass (performing simple optimizations).

2.41.14.1. Executing OPT_EXPR pass (perform const folding).
Optimizing module icebreaker.
<suppressed ~4 debug messages>

2.41.14.2. Executing OPT_MERGE pass (detect identical cells).
Finding identical cells in module `\icebreaker'.
<suppressed ~29 debug messages>
Removed a total of 12 cells.

2.41.14.3. Executing OPT_MUXTREE pass (detect dead branches in mux trees).
Running muxtree optimizer on module \icebreaker..
  Creating internal representation of mux trees.
  No muxes found in this module.
Removed 0 multiplexer ports.

2.41.14.4. Executing OPT_REDUCE pass (consolidate $*mux and $reduce_* inputs).
  Optimizing cells in module \icebreaker.
Performed a total of 0 changes.

2.41.14.5. Executing OPT_MERGE pass (detect identical cells).
Finding identical cells in module `\icebreaker'.
Removed a total of 0 cells.

2.41.14.6. Executing OPT_DFF pass (perform DFF optimizations).

2.41.14.7. Executing OPT_CLEAN pass (remove unused cells and wires).
Finding unused cells or wires in module \icebreaker..
Removed 0 unused cells and 24 unused wires.
<suppressed ~1 debug messages>

2.41.14.8. Executing OPT_EXPR pass (perform const folding).
Optimizing module icebreaker.

2.41.14.9. Rerunning OPT passes. (Maybe there is more to do..)

2.41.14.10. Executing OPT_MUXTREE pass (detect dead branches in mux trees).
Running muxtree optimizer on module \icebreaker..
  Creating internal representation of mux trees.
  No muxes found in this module.
Removed 0 multiplexer ports.

2.41.14.11. Executing OPT_REDUCE pass (consolidate $*mux and $reduce_* inputs).
  Optimizing cells in module \icebreaker.
Performed a total of 0 changes.

2.41.14.12. Executing OPT_MERGE pass (detect identical cells).
Finding identical cells in module `\icebreaker'.
Removed a total of 0 cells.

2.41.14.13. Executing OPT_DFF pass (perform DFF optimizations).

2.41.14.14. Executing OPT_CLEAN pass (remove unused cells and wires).
Finding unused cells or wires in module \icebreaker..

2.41.14.15. Executing OPT_EXPR pass (perform const folding).
Optimizing module icebreaker.

2.41.14.16. Finished OPT passes. (There is nothing left to do.)

2.41.15. Executing AIGMAP pass (map logic to AIG).
Module icebreaker: replaced 7 cells with 43 new cells, skipped 11 cells.
  replaced 2 cell types:
       2 $_OR_
       5 $_MUX_
  not replaced 3 cell types:
       8 $specify2
       1 $_NOT_
       2 $_AND_

2.41.16. Executing AIGMAP pass (map logic to AIG).
Module icebreaker: replaced 107 cells with 624 new cells, skipped 385 cells.
  replaced 3 cell types:
      40 $_OR_
       1 $_ANDNOT_
      66 $_MUX_
  not replaced 10 cell types:
       3 $scopeinfo
      56 $_NOT_
      31 $_AND_
       1 SB_PLL40_PAD
       9 SB_DFFE
       2 SB_DFFSR
      64 SB_DFFESR
      78 $paramod$__ICE40_CARRY_WRAPPER\LUT=16'0110100110010110\I3_IS_CI=1'1
      66 $paramod$__ABC9_DELAY\DELAY=32'00000000000000000000000011001011
      75 $paramod$__ABC9_DELAY\DELAY=32'00000000000000000000000000010101

2.41.16.1. Executing ABC9_OPS pass (helper functions for ABC9).

2.41.16.2. Executing ABC9_OPS pass (helper functions for ABC9).

2.41.16.3. Executing XAIGER backend.
<suppressed ~86 debug messages>
Extracted 270 AND gates and 1149 wires from module `icebreaker' to a netlist network with 79 inputs and 151 outputs.

2.41.16.4. Executing ABC9_EXE pass (technology mapping using ABC9).

2.41.16.5. Executing ABC9.
Running ABC command: "<yosys-exe-dir>/yosys-abc" -s -f <abc-temp-dir>/abc.script 2>&1
ABC: ABC command line: "source <abc-temp-dir>/abc.script".
ABC: 
ABC: + read_lut <abc-temp-dir>/input.lut 
ABC: + read_box <abc-temp-dir>/input.box 
ABC: + &read <abc-temp-dir>/input.xaig 
ABC: + &ps 
ABC: <abc-temp-dir>/input : i/o =     79/    151  and =     189  lev =   14 (0.35)  mem = 0.02 MB  box = 219  bb = 141
ABC: + &scorr 
ABC: Warning: The network is combinational.
ABC: + &sweep 
ABC: + &dc2 
ABC: + &dch -f 
ABC: + &ps 
ABC: <abc-temp-dir>/input : i/o =     79/    151  and =     154  lev =    7 (0.32)  mem = 0.02 MB  ch =   15  box = 219  bb = 141
ABC: + &if -W 250 -v 
ABC: K = 4. Memory (bytes): Truth =    0. Cut =   52. Obj =  136. Set =  564. CutMin = no
ABC: Node =     154.  Ch =    14.  Total mem =    0.18 MB. Peak cut mem =    0.01 MB.
ABC: P:  Del = 3718.00.  Ar =      81.0.  Edge =      233.  Cut =      574.  T =     0.00 sec
ABC: P:  Del = 3718.00.  Ar =      77.0.  Edge =      226.  Cut =      574.  T =     0.00 sec
ABC: P:  Del = 3718.00.  Ar =      75.0.  Edge =      203.  Cut =      574.  T =     0.00 sec
ABC: F:  Del = 3718.00.  Ar =      74.0.  Edge =      200.  Cut =      574.  T =     0.00 sec
ABC: A:  Del = 3718.00.  Ar =      74.0.  Edge =      194.  Cut =      574.  T =     0.00 sec
ABC: A:  Del = 3718.00.  Ar =      74.0.  Edge =      194.  Cut =      574.  T =     0.00 sec
ABC: Total time =     0.00 sec
ABC: + &write -n <abc-temp-dir>/output.aig 
ABC: + &mfs 
ABC: + &ps -l 
ABC: <abc-temp-dir>/input : i/o =     79/    151  and =     135  lev =    6 (0.31)  mem = 0.02 MB  box = 219  bb = 141
ABC: Mapping (K=4)  :  lut =     74  edge =     193  lev =    4 (0.19)  Boxes are not in a topological order. Switching to level computation without boxes.
ABC: levB =    6  mem = 0.01 MB
ABC: LUT = 74 : 2=40 54.1 %  3=23 31.1 %  4=11 14.9 %  Ave = 2.61
ABC: + &write -n <abc-temp-dir>/output.aig 
ABC: + time 
ABC: elapse: 0.01 seconds, total: 0.01 seconds

2.41.16.6. Executing AIGER frontend.
<suppressed ~472 debug messages>
Removed 146 unused cells and 1204 unused wires.

2.41.16.7. Executing ABC9_OPS pass (helper functions for ABC9).
ABC RESULTS:              $lut cells:      116
ABC RESULTS:   $paramod$__ICE40_CARRY_WRAPPER\LUT=16'0110100110010110\I3_IS_CI=1'1 cells:       78
ABC RESULTS:           input signals:       15
ABC RESULTS:          output signals:      151
Removing temp directory.

2.41.17. Executing TECHMAP pass (map to technology primitives).

2.41.17.1. Executing Verilog-2005 frontend: /usr/local/bin/../share/yosys/abc9_unmap.v
Parsing Verilog input from `/usr/local/bin/../share/yosys/abc9_unmap.v' to AST representation.
Generating RTLIL representation for module `\$__DFF_x__$abc9_flop'.
Generating RTLIL representation for module `\$__ABC9_SCC_BREAKER'.
Successfully finished Verilog frontend.

2.41.17.2. Continuing TECHMAP pass.
Using template $paramod$__ICE40_CARRY_WRAPPER\LUT=16'0110100110010110\I3_IS_CI=1'1 for cells of type $paramod$__ICE40_CARRY_WRAPPER\LUT=16'0110100110010110\I3_IS_CI=1'1.
No more expansions possible.
<suppressed ~84 debug messages>

2.42. Executing ICE40_WRAPCARRY pass (wrap carries).

2.43. Executing TECHMAP pass (map to technology primitives).

2.43.1. Executing Verilog-2005 frontend: /usr/local/bin/../share/yosys/ice40/ff_map.v
Parsing Verilog input from `/usr/local/bin/../share/yosys/ice40/ff_map.v' to AST representation.
Generating RTLIL representation for module `\$_DFF_N_'.
Generating RTLIL representation for module `\$_DFF_P_'.
Generating RTLIL representation for module `\$_DFFE_NP_'.
Generating RTLIL representation for module `\$_DFFE_PP_'.
Generating RTLIL representation for module `\$_DFF_NP0_'.
Generating RTLIL representation for module `\$_DFF_NP1_'.
Generating RTLIL representation for module `\$_DFF_PP0_'.
Generating RTLIL representation for module `\$_DFF_PP1_'.
Generating RTLIL representation for module `\$_DFFE_NP0P_'.
Generating RTLIL representation for module `\$_DFFE_NP1P_'.
Generating RTLIL representation for module `\$_DFFE_PP0P_'.
Generating RTLIL representation for module `\$_DFFE_PP1P_'.
Generating RTLIL representation for module `\$_SDFF_NP0_'.
Generating RTLIL representation for module `\$_SDFF_NP1_'.
Generating RTLIL representation for module `\$_SDFF_PP0_'.
Generating RTLIL representation for module `\$_SDFF_PP1_'.
Generating RTLIL representation for module `\$_SDFFCE_NP0P_'.
Generating RTLIL representation for module `\$_SDFFCE_NP1P_'.
Generating RTLIL representation for module `\$_SDFFCE_PP0P_'.
Generating RTLIL representation for module `\$_SDFFCE_PP1P_'.
Successfully finished Verilog frontend.

2.43.2. Continuing TECHMAP pass.
No more expansions possible.
<suppressed ~22 debug messages>
Removed 53 unused cells and 1703 unused wires.

2.44. Executing OPT_LUT pass (optimize LUTs).
Discovering LUTs.
Number of LUTs:      158
  1-LUT               42
  2-LUT               44
  3-LUT               61
  4-LUT               11
  with \SB_CARRY    (#0)   38
  with \SB_CARRY    (#1)   45

Eliminating LUTs.
Number of LUTs:      158
  1-LUT               42
  2-LUT               44
  3-LUT               61
  4-LUT               11
  with \SB_CARRY    (#0)   38
  with \SB_CARRY    (#1)   45

Combining LUTs.
Number of LUTs:      124
  1-LUT               42
  2-LUT                8
  3-LUT               31
  4-LUT               43
  with \SB_CARRY    (#0)   38
  with \SB_CARRY    (#1)   45

Eliminated 0 LUTs.
Combined 34 LUTs.
<suppressed ~909 debug messages>

2.45. Executing TECHMAP pass (map to technology primitives).

2.45.1. Executing Verilog-2005 frontend: /usr/local/bin/../share/yosys/ice40/cells_map.v
Parsing Verilog input from `/usr/local/bin/../share/yosys/ice40/cells_map.v' to AST representation.
Generating RTLIL representation for module `\$lut'.
Successfully finished Verilog frontend.

2.45.2. Continuing TECHMAP pass.
Using template $paramod\$lut\WIDTH=32'00000000000000000000000000000001\LUT=2'01 for cells of type $lut.
Using template $paramod$5766b753e513aa2393ffc25ef94ebc79dc098484\$lut for cells of type $lut.
Using template $paramod\$lut\WIDTH=32'00000000000000000000000000000011\LUT=8'00000001 for cells of type $lut.
Using template $paramod\$lut\WIDTH=32'00000000000000000000000000000010\LUT=4'1000 for cells of type $lut.
Using template $paramod\$lut\WIDTH=32'00000000000000000000000000000011\LUT=8'00110101 for cells of type $lut.
Using template $paramod$fd904e9e35cfd343a9df248824bd3f1408724879\$lut for cells of type $lut.
Using template $paramod$658b9ed803f0d3d335616d3858b53e0a2522f1e8\$lut for cells of type $lut.
Using template $paramod\$lut\WIDTH=32'00000000000000000000000000000011\LUT=8'10101000 for cells of type $lut.
Using template $paramod$6375ab94b303a3f3c8d7ca6946328cb3c0b443a7\$lut for cells of type $lut.
Using template $paramod$19451f719aa4a75f15cb977ed4212a1c1a1550e9\$lut for cells of type $lut.
Using template $paramod\$lut\WIDTH=32'00000000000000000000000000000011\LUT=8'00111010 for cells of type $lut.
Using template $paramod\$lut\WIDTH=32'00000000000000000000000000000010\LUT=4'0100 for cells of type $lut.
Using template $paramod\$lut\WIDTH=32'00000000000000000000000000000011\LUT=8'10101100 for cells of type $lut.
Using template $paramod\$lut\WIDTH=32'00000000000000000000000000000011\LUT=8'10001100 for cells of type $lut.
Using template $paramod$23da582b86241546eace0c8bedadb42614eea4c1\$lut for cells of type $lut.
Using template $paramod$6e238df02989b317f10820a22773676e71120644\$lut for cells of type $lut.
Using template $paramod$98162d862d449f7c67182f5a43cdfe4123defff8\$lut for cells of type $lut.
Using template $paramod$305fd3b7552c2378a7cd8315d4f432697caa28ea\$lut for cells of type $lut.
Using template $paramod\$lut\WIDTH=32'00000000000000000000000000000011\LUT=8'00100011 for cells of type $lut.
Using template $paramod\$lut\WIDTH=32'00000000000000000000000000000011\LUT=8'11101111 for cells of type $lut.
Using template $paramod\$lut\WIDTH=32'00000000000000000000000000000011\LUT=8'10111010 for cells of type $lut.
Using template $paramod\$lut\WIDTH=32'00000000000000000000000000000011\LUT=8'10111111 for cells of type $lut.
Using template $paramod\$lut\WIDTH=32'00000000000000000000000000000010\LUT=4'0010 for cells of type $lut.
Using template $paramod$39fea1c845fe0f56a461ac64484e7bbd858aff3b\$lut for cells of type $lut.
Using template $paramod$5519c68c74c4f4f7cb834dd7908b76ff8edc21e5\$lut for cells of type $lut.
Using template $paramod$999f605d750567959edab1f1540f58f5f587176d\$lut for cells of type $lut.
Using template $paramod\$lut\WIDTH=32'00000000000000000000000000000011\LUT=8'11001010 for cells of type $lut.
Using template $paramod\$lut\WIDTH=32'00000000000000000000000000000010\LUT=4'1011 for cells of type $lut.
Using template $paramod\$lut\WIDTH=32'00000000000000000000000000000010\LUT=4'0111 for cells of type $lut.
Using template $paramod$272652f6c6fbe9a75eff76e45cc7e2788835518b\$lut for cells of type $lut.
No more expansions possible.
<suppressed ~517 debug messages>
Removed 0 unused cells and 284 unused wires.

2.46. Executing AUTONAME pass.
Renamed 2737 objects in module icebreaker (52 iterations).
<suppressed ~470 debug messages>

2.47. Executing HIERARCHY pass (managing design hierarchy).
Attribute `top' found on module `icebreaker'. Setting top module to icebreaker.

2.47.1. Analyzing design hierarchy..
Top module:  \icebreaker

2.47.2. Analyzing design hierarchy..
Top module:  \icebreaker
Removed 0 unused modules.

2.48. Printing statistics.

=== icebreaker ===

   Number of wires:                234
   Number of wire bits:            383
   Number of public wires:         234
   Number of public wire bits:     383
   Number of ports:                  4
   Number of port bits:              4
   Number of memories:               0
   Number of memory bits:            0
   Number of processes:              0
   Number of cells:                277
     $scopeinfo                      3
     SB_CARRY                       74
     SB_DFFE                         9
     SB_DFFESR                      64
     SB_DFFSR                        2
     SB_LUT4                       124
     SB_PLL40_PAD                    1

2.49. Executing CHECK pass (checking for obvious problems).
Checking module icebreaker...
Found and reported 0 problems.

3. Executing Verilog backend.
Dumping module `\icebreaker'.

4. Executing JSON backend.

Warnings: 2 unique messages, 2 total
End of script. Logfile hash: df301aaf21, CPU: user 0.46s system 0.07s, MEM: 35.45 MB peak
Yosys 0.48+57 (git sha1 ca0ace66b, g++ 13.3.0-6ubuntu2~24.04 -fPIC -O3)
Time spent: 33% 21x read_verilog (0 sec), 11% 26x opt_clean (0 sec), ...
